ARM Linker, 5.03 [Build 24] [MDK-ARM Professional]

==============================================================================

Section Cross References

    main.o(.text) refers to noretval__2printf.o(.text) for __2printf
    main.o(.text) refers to 24l01.o(.text) for NRF24L01_Check
    main.o(.text) refers to system_stm32f10x.o(.text) for SystemInit
    main.o(.text) refers to delay.o(.text) for delay_init
    main.o(.text) refers to sys.o(.text) for NVIC_Configuration
    main.o(.text) refers to usart.o(.text) for uart_init
    main.o(.text) refers to led.o(.text) for LED_Init
    main.o(.text) refers to data_transfer.o(.text) for NRF_Check_Event
    system_stm32f10x.o(.text) refers to system_stm32f10x.o(.data) for SystemCoreClock
    data_transfer.o(.text) refers to usart.o(.text) for Usart1_Send_Buf
    data_transfer.o(.text) refers to 24l01.o(.text) for NRF24L01_TxPacket
    data_transfer.o(.text) refers to delay.o(.text) for delay_ms
    data_transfer.o(.text) refers to usart.o(.data) for Rx_Ok0
    data_transfer.o(.text) refers to usart.o(.bss) for Rx_Buf
    data_transfer.o(.text) refers to data_transfer.o(.bss) for NRF24L01_RXDATA
    led.o(.text) refers to stm32f10x_rcc.o(.text) for RCC_APB2PeriphClockCmd
    led.o(.text) refers to stm32f10x_gpio.o(.text) for GPIO_Init
    key.o(.text) refers to stm32f10x_rcc.o(.text) for RCC_APB2PeriphClockCmd
    key.o(.text) refers to stm32f10x_gpio.o(.text) for GPIO_Init
    key.o(.text) refers to delay.o(.text) for delay_ms
    key.o(.text) refers to key.o(.data) for key_up
    wdg.o(.text) refers to stm32f10x_iwdg.o(.text) for IWDG_WriteAccessCmd
    wdg.o(.text) refers to misc.o(.text) for NVIC_Init
    wdg.o(.text) refers to stm32f10x_rcc.o(.text) for RCC_APB1PeriphClockCmd
    wdg.o(.text) refers to stm32f10x_wwdg.o(.text) for WWDG_SetPrescaler
    timer.o(.text) refers to stm32f10x_rcc.o(.text) for RCC_APB1PeriphClockCmd
    timer.o(.text) refers to stm32f10x_tim.o(.text) for TIM_TimeBaseInit
    timer.o(.text) refers to misc.o(.text) for NVIC_Init
    pwm.o(.text) refers to stm32f10x_rcc.o(.text) for RCC_APB1PeriphClockCmd
    pwm.o(.text) refers to stm32f10x_gpio.o(.text) for GPIO_Init
    pwm.o(.text) refers to stm32f10x_tim.o(.text) for TIM_TimeBaseInit
    lcd.o(.text) refers to _printf_percent.o(.ARM.Collect$$_printf_percent$$00000000) for _printf_percent
    lcd.o(.text) refers to _printf_x.o(.ARM.Collect$$_printf_percent$$0000000C) for _printf_x
    lcd.o(.text) refers to _printf_hex_int.o(.text) for _printf_longlong_hex
    lcd.o(.text) refers to delay.o(.text) for delay_us
    lcd.o(.text) refers to lcd.o(i.LCD_SetCursor) for LCD_SetCursor
    lcd.o(.text) refers to lcd.o(.data) for DeviceCode
    lcd.o(.text) refers to stm32f10x_rcc.o(.text) for RCC_APB2PeriphClockCmd
    lcd.o(.text) refers to stm32f10x_gpio.o(.text) for GPIO_PinRemapConfig
    lcd.o(.text) refers to noretval__2printf.o(.text) for __2printf
    lcd.o(.text) refers to lcd.o(.constdata) for asc2_1206
    wkup.o(.text) refers to misc.o(.text) for NVIC_SystemLPConfig
    wkup.o(.text) refers to stm32f10x_rcc.o(.text) for RCC_APB1PeriphClockCmd
    wkup.o(.text) refers to stm32f10x_pwr.o(.text) for PWR_WakeUpPinCmd
    wkup.o(.text) refers to delay.o(.text) for delay_ms
    wkup.o(.text) refers to stm32f10x_gpio.o(.text) for GPIO_Init
    wkup.o(.text) refers to stm32f10x_exti.o(.text) for EXTI_Init
    adc.o(.text) refers to stm32f10x_rcc.o(.text) for RCC_APB2PeriphClockCmd
    adc.o(.text) refers to stm32f10x_gpio.o(.text) for GPIO_Init
    adc.o(.text) refers to stm32f10x_adc.o(.text) for ADC_DeInit
    tsensor.o(.text) refers to stm32f10x_rcc.o(.text) for RCC_APB2PeriphClockCmd
    tsensor.o(.text) refers to stm32f10x_gpio.o(.text) for GPIO_Init
    tsensor.o(.text) refers to stm32f10x_adc.o(.text) for ADC_DeInit
    tsensor.o(.text) refers to delay.o(.text) for delay_ms
    myiic.o(.text) refers to stm32f10x_rcc.o(.text) for RCC_APB2PeriphClockCmd
    myiic.o(.text) refers to stm32f10x_gpio.o(.text) for GPIO_Init
    myiic.o(.text) refers to delay.o(.text) for delay_us
    24cxx.o(.text) refers to myiic.o(.text) for IIC_Init
    24cxx.o(.text) refers to delay.o(.text) for delay_ms
    spi.o(.text) refers to stm32f10x_spi.o(.text) for SPI_I2S_GetFlagStatus
    spi.o(.text) refers to stm32f10x_rcc.o(.text) for RCC_APB2PeriphClockCmd
    spi.o(.text) refers to stm32f10x_gpio.o(.text) for GPIO_Init
    spi.o(.text) refers to spi.o(.bss) for SPI_InitStructure
    flash.o(.text) refers to stm32f10x_gpio.o(.text) for GPIO_Init
    flash.o(.text) refers to spi.o(.text) for SPIx_Init
    flash.o(.text) refers to delay.o(.text) for delay_us
    flash.o(.text) refers to flash.o(.bss) for SPI_FLASH_BUF
    ds18b20.o(.text) refers to delay.o(.text) for delay_us
    ds18b20.o(.text) refers to stm32f10x_rcc.o(.text) for RCC_APB2PeriphClockCmd
    ds18b20.o(.text) refers to stm32f10x_gpio.o(.text) for GPIO_Init
    ds18b20.o(.text) refers to fflt_clz.o(x$fpl$fflt) for __aeabi_i2f
[...]
    libinit.o(.ARM.Collect$$libinit$$00000000) refers (Special) to libinit2.o(.ARM.Collect$$libinit$$0000001D) for __rt_lib_init_fp_trap_1
    libinit.o(.ARM.Collect$$libinit$$00000000) refers (Special) to libinit2.o(.ARM.Collect$$libinit$$00000021) for __rt_lib_init_getenv_1
    libinit.o(.ARM.Collect$$libinit$$00000000) refers (Special) to libinit2.o(.ARM.Collect$$libinit$$00000008) for __rt_lib_init_heap_1
    libinit.o(.ARM.Collect$$libinit$$00000000) refers (Special) to libinit2.o(.ARM.Collect$$libinit$$0000000F) for __rt_lib_init_lc_collate_1
    libinit.o(.ARM.Collect$$libinit$$00000000) refers (Special) to libinit2.o(.ARM.Collect$$libinit$$00000011) for __rt_lib_init_lc_ctype_1
    libinit.o(.ARM.Collect$$libinit$$00000000) refers (Special) to libinit2.o(.ARM.Collect$$libinit$$00000013) for __rt_lib_init_lc_monetary_1
    libinit.o(.ARM.Collect$$libinit$$00000000) refers (Special) to libinit2.o(.ARM.Collect$$libinit$$00000015) for __rt_lib_init_lc_numeric_1
    libinit.o(.ARM.Collect$$libinit$$00000000) refers (Special) to libinit2.o(.ARM.Collect$$libinit$$00000017) for __rt_lib_init_lc_time_1
    libinit.o(.ARM.Collect$$libinit$$00000000) refers (Special) to libinit2.o(.ARM.Collect$$libinit$$0000000C) for __rt_lib_init_rand_1
    libinit.o(.ARM.Collect$$libinit$$00000000) refers (Special) to libinit2.o(.ARM.Collect$$libinit$$00000031) for __rt_lib_init_return
    libinit.o(.ARM.Collect$$libinit$$00000000) refers (Special) to libinit2.o(.ARM.Collect$$libinit$$0000001B) for __rt_lib_init_signal_1
    libinit.o(.ARM.Collect$$libinit$$00000000) refers (Special) to libinit2.o(.ARM.Collect$$libinit$$00000023) for __rt_lib_init_stdio_1
    libinit.o(.ARM.Collect$$libinit$$00000000) refers (Special) to libinit2.o(.ARM.Collect$$libinit$$0000000A) for __rt_lib_init_user_alloc_1
    libspace.o(.text) refers to libspace.o(.bss) for __libspace_start
    rtexit.o(.ARM.Collect$$rtexit$$00000000) refers (Special) to rtexit2.o(.ARM.Collect$$rtexit$$00000004) for __rt_exit_exit
    rtexit.o(.ARM.Collect$$rtexit$$00000000) refers (Special) to rtexit2.o(.ARM.Collect$$rtexit$$00000003) for __rt_exit_ls
    rtexit.o(.ARM.Collect$$rtexit$$00000000) refers (Special) to rtexit2.o(.ARM.Collect$$rtexit$$00000002) for __rt_exit_prels_1
    rtexit.o(.ARM.exidx) refers (Special) to rtexit2.o(.ARM.Collect$$rtexit$$00000004) for __rt_exit_exit
    rtexit.o(.ARM.exidx) refers (Special) to rtexit2.o(.ARM.Collect$$rtexit$$00000003) for __rt_exit_ls
    rtexit.o(.ARM.exidx) refers (Special) to rtexit2.o(.ARM.Collect$$rtexit$$00000002) for __rt_exit_prels_1
    rtexit.o(.ARM.exidx) refers to rtexit.o(.ARM.Collect$$rtexit$$00000000) for .ARM.Collect$$rtexit$$00000000
    libinit2.o(.ARM.Collect$$libinit$$0000000E) refers to libinit2.o(.ARM.Collect$$libinit$$0000000D) for .ARM.Collect$$libinit$$0000000D
    libinit2.o(.ARM.Collect$$libinit$$00000010) refers to libinit2.o(.ARM.Collect$$libinit$$0000000D) for .ARM.Collect$$libinit$$0000000D
    libinit2.o(.ARM.Collect$$libinit$$00000012) refers to libinit2.o(.ARM.Collect$$libinit$$0000000D) for .ARM.Collect$$libinit$$0000000D
    libinit2.o(.ARM.Collect$$libinit$$00000014) refers to libinit2.o(.ARM.Collect$$libinit$$0000000D) for .ARM.Collect$$libinit$$0000000D
    libinit2.o(.ARM.Collect$$libinit$$00000016) refers to libinit2.o(.ARM.Collect$$libinit$$0000000D) for .ARM.Collect$$libinit$$0000000D
    libinit2.o(.ARM.Collect$$libinit$$00000024) refers to argv_veneer.o(.emb_text) for __ARM_argv_veneer
    libinit2.o(.ARM.Collect$$libinit$$00000025) refers to argv_veneer.o(.emb_text) for __ARM_argv_veneer
    rtexit2.o(.ARM.Collect$$rtexit$$00000003) refers to libshutdown.o(.ARM.Collect$$libshutdown$$00000000) for __rt_lib_shutdown
    rtexit2.o(.ARM.Collect$$rtexit$$00000004) refers to usart.o(.text) for _sys_exit
    rtexit2.o(.ARM.exidx) refers to rtexit2.o(.ARM.Collect$$rtexit$$00000001) for .ARM.Collect$$rtexit$$00000001
    rtexit2.o(.ARM.exidx) refers to rtexit2.o(.ARM.Collect$$rtexit$$00000003) for .ARM.Collect$$rtexit$$00000003
    rtexit2.o(.ARM.exidx) refers to rtexit2.o(.ARM.Collect$$rtexit$$00000004) for .ARM.Collect$$rtexit$$00000004
    argv_veneer.o(.emb_text) refers to no_argv.o(.text) for __ARM_get_argv
    _get_argv_nomalloc.o(.text) refers (Special) to hrguard.o(.text) for __heap_region$guard
    _get_argv_nomalloc.o(.text) refers to defsig_rtmem_outer.o(.text) for __rt_SIGRTMEM
    _get_argv_nomalloc.o(.text) refers to sys_command.o(.text) for _sys_command_string
    libshutdown.o(.ARM.Collect$$libshutdown$$00000000) refers (Special) to libshutdown2.o(.ARM.Collect$$libshutdown$$00000006) for __rt_lib_shutdown_fp_trap_1
    libshutdown.o(.ARM.Collect$$libshutdown$$00000000) refers (Special) to libshutdown2.o(.ARM.Collect$$libshutdown$$0000000E) for __rt_lib_shutdown_heap_1
    libshutdown.o(.ARM.Collect$$libshutdown$$00000000) refers (Special) to libshutdown2.o(.ARM.Collect$$libshutdown$$0000000F) for __rt_lib_shutdown_return
    libshutdown.o(.ARM.Collect$$libshutdown$$00000000) refers (Special) to libshutdown2.o(.ARM.Collect$$libshutdown$$00000009) for __rt_lib_shutdown_signal_1
    libshutdown.o(.ARM.Collect$$libshutdown$$00000000) refers (Special) to libshutdown2.o(.ARM.Collect$$libshutdown$$00000003) for __rt_lib_shutdown_stdio_1
    libshutdown.o(.ARM.Collect$$libshutdown$$00000000) refers (Special) to libshutdown2.o(.ARM.Collect$$libshutdown$$0000000B) for __rt_lib_shutdown_user_alloc_1
    sys_command.o(.text) refers (Special) to use_no_semi.o(.text) for __I$use$semihosting
    sys_command.o(.text) refers (Special) to indicate_semi.o(.text) for __semihosting_library_function
    defsig_rtmem_outer.o(.text) refers to defsig_rtmem_inner.o(.text) for __rt_SIGRTMEM_inner
    defsig_rtmem_outer.o(.text) refers to defsig_exit.o(.text) for __sig_exit
    defsig_rtmem_formal.o(.text) refers to rt_raise.o(.text) for __rt_raise
    rt_raise.o(.text) refers to __raise.o(.text) for __raise
    rt_raise.o(.text) refers to usart.o(.text) for _sys_exit
    defsig_exit.o(.text) refers to usart.o(.text) for _sys_exit
    defsig_rtmem_inner.o(.text) refers to defsig_general.o(.text) for __default_signal_display
    __raise.o(.text) refers to defsig.o(CL$$defsig) for __default_signal_handler
    defsig_general.o(.text) refers to sys_wrch.o(.text) for _ttywrch
    sys_wrch.o(.text) refers (Special) to use_no_semi.o(.text) for __I$use$semihosting
    sys_wrch.o(.text) refers (Special) to indicate_semi.o(.text) for __semihosting_library_function
    defsig.o(CL$$defsig) refers to defsig_rtmem_inner.o(.text) for __rt_SIGRTMEM_inner
    defsig_abrt_inner.o(.text) refers to defsig_general.o(.text) for __default_signal_display
    defsig_fpe_inner.o(.text) refers to defsig_general.o(.text) for __default_signal_display
    defsig_rtred_inner.o(.text) refers to defsig_general.o(.text) for __default_signal_display
    defsig_stak_inner.o(.text) refers to defsig_general.o(.text) for __default_signal_display
    defsig_pvfn_inner.o(.text) refers to defsig_general.o(.text) for __default_signal_display
    defsig_cppl_inner.o(.text) refers to defsig_general.o(.text) for __default_signal_display
    defsig_segv_inner.o(.text) refers to defsig_general.o(.text) for __default_signal_display
    defsig_other.o(.text) refers to defsig_general.o(.text) for __default_signal_display
    lcd.o(i.LCD_SetCursor) refers to lcd.o(.text) for LCD_WriteReg
    lcd.o(i.LCD_SetCursor) refers to lcd.o(.data) for DeviceCode


==============================================================================

Removing Unused input sections from the image.

    Removing main.o(.data), (2 bytes).
    Removing key.o(.text), (228 bytes).
    Removing key.o(.data), (1 bytes).
    Removing wdg.o(.data), (1 bytes).
    Removing pwm.o(.text), (164 bytes).
    Removing lcd.o(.text), (9280 bytes).
    Removing lcd.o(.constdata), (2660 bytes).
    Removing lcd.o(.data), (6 bytes).
    Removing adc.o(.text), (196 bytes).
    Removing tsensor.o(.text), (236 bytes).
    Removing myiic.o(.text), (628 bytes).
    Removing 24cxx.o(.text), (378 bytes).
    Removing flash.o(.text), (828 bytes).
    Removing flash.o(.bss), (4096 bytes).
    Removing ds18b20.o(.text), (616 bytes).
    Removing core_cm3.o(.emb_text), (32 bytes).
    Removing stm32f10x_adc.o(.text), (1102 bytes).
    Removing stm32f10x_bkp.o(.text), (196 bytes).
    Removing stm32f10x_can.o(.text), (2536 bytes).
    Removing stm32f10x_cec.o(.text), (288 bytes).
    Removing stm32f10x_crc.o(.text), (72 bytes).
    Removing stm32f10x_dac.o(.text), (396 bytes).
    Removing stm32f10x_dbgmcu.o(.text), (48 bytes).
    Removing stm32f10x_dma.o(.text), (592 bytes).
    Removing stm32f10x_flash.o(.text), (1468 bytes).
    Removing stm32f10x_fsmc.o(.text), (1560 bytes).
    Removing stm32f10x_i2c.o(.text), (1028 bytes).
    Removing stm32f10x_rtc.o(.text), (324 bytes).
    Removing stm32f10x_sdio.o(.text), (472 bytes).
    Removing lcd.o(i.LCD_SetCursor), (204 bytes).

30 unused section(s) (total 29638 bytes) removed from the image.

==============================================================================

Image Symbol Table

    Local Symbols

    Symbol Name                              Value     Ov Type        Size  Object(Section)

    ../clib/angel/boardlib.s                 0x00000000   Number         0  boardshut.o ABSOLUTE
    ../clib/angel/boardlib.s                 0x00000000   Number         0  boardinit3.o ABSOLUTE
    ../clib/angel/boardlib.s                 0x00000000   Number         0  boardinit2.o ABSOLUTE
    ../clib/angel/boardlib.s                 0x00000000   Number         0  boardinit1.o ABSOLUTE
    ../clib/angel/handlers.s                 0x00000000   Number         0  __scatter_zi.o ABSOLUTE
    ../clib/angel/handlers.s                 0x00000000   Number         0  __scatter_copy.o ABSOLUTE
    ../clib/angel/kernel.s                   0x00000000   Number         0  rtexit2.o ABSOLUTE
    ../clib/angel/kernel.s                   0x00000000   Number         0  rtentry.o ABSOLUTE
    ../clib/angel/kernel.s                   0x00000000   Number         0  rtexit.o ABSOLUTE
    ../clib/angel/kernel.s                   0x00000000   Number         0  rtentry2.o ABSOLUTE
    ../clib/angel/kernel.s                   0x00000000   Number         0  rtentry4.o ABSOLUTE
    ../clib/angel/rt.s                       0x00000000   Number         0  rt_raise.o ABSOLUTE
    ../clib/angel/scatter.s                  0x00000000   Number         0  __scatter.o ABSOLUTE
    ../clib/angel/startup.s                  0x00000000   Number         0  __main.o ABSOLUTE
    ../clib/angel/sys.s                      0x00000000   Number         0  sys_stackheap_outer.o ABSOLUTE
    ../clib/angel/sys.s                      0x00000000   Number         0  use_no_semi_2.o ABSOLUTE
    ../clib/angel/sys.s                      0x00000000   Number         0  indicate_semi.o ABSOLUTE
    ../clib/angel/sys.s                      0x00000000   Number         0  use_no_semi.o ABSOLUTE
    ../clib/angel/sys.s                      0x00000000   Number         0  libspace.o ABSOLUTE
    ../clib/angel/sysapp.c                   0x00000000   Number         0  sys_command.o ABSOLUTE
    ../clib/angel/sysapp.c                   0x00000000   Number         0  sys_wrch.o ABSOLUTE
    ../clib/armsys.c                         0x00000000   Number         0  no_argv.o ABSOLUTE
    ../clib/armsys.c                         0x00000000   Number         0  _get_argv_nomalloc.o ABSOLUTE
    ../clib/armsys.c                         0x00000000   Number         0  argv_veneer.o ABSOLUTE
    ../clib/armsys.c                         0x00000000   Number         0  argv_veneer.o ABSOLUTE
    ../clib/heapalloc.c                      0x00000000   Number         0  hrguard.o ABSOLUTE
    ../clib/heapaux.c                        0x00000000   Number         0  heapauxi.o ABSOLUTE
    ../clib/libinit.s                        0x00000000   Number         0  libshutdown2.o ABSOLUTE
    ../clib/libinit.s                        0x00000000   Number         0  libshutdown.o ABSOLUTE
    ../clib/libinit.s                        0x00000000   Number         0  libinit2.o ABSOLUTE
    ../clib/libinit.s                        0x00000000   Number         0  libinit.o ABSOLUTE
    ../clib/printf.c                         0x00000000   Number         0  _printf_hex_int_ptr.o ABSOLUTE
    ../clib/printf.c                         0x00000000   Number         0  __printf_flags_wp.o ABSOLUTE
    ../clib/printf.c                         0x00000000   Number         0  _printf_hex_ll_ptr.o ABSOLUTE
    ../clib/printf.c                         0x00000000   Number         0  _printf_hex_int_ll_ptr.o ABSOLUTE
    ../clib/printf.c                         0x00000000   Number         0  __printf_flags.o ABSOLUTE
    ../clib/printf.c                         0x00000000   Number         0  __printf_ss.o ABSOLUTE
    ../clib/printf.c                         0x00000000   Number         0  __printf_flags_ss.o ABSOLUTE
    ../clib/printf.c                         0x00000000   Number         0  __printf_wp.o ABSOLUTE
    ../clib/printf.c                         0x00000000   Number         0  noretval__2printf.o ABSOLUTE
    ../clib/printf.c                         0x00000000   Number         0  _printf_char_common.o ABSOLUTE
    ../clib/printf.c                         0x00000000   Number         0  __printf_ss_wp.o ABSOLUTE
    ../clib/printf.c                         0x00000000   Number         0  __printf_nopercent.o ABSOLUTE
    ../clib/printf.c                         0x00000000   Number         0  _printf_char_file.o ABSOLUTE
    ../clib/printf.c                         0x00000000   Number         0  _printf_intcommon.o ABSOLUTE
    ../clib/printf.c                         0x00000000   Number         0  __2printf.o ABSOLUTE
    ../clib/printf.c                         0x00000000   Number         0  __printf.o ABSOLUTE
    ../clib/printf.c                         0x00000000   Number         0  __printf_flags_ss_wp.o ABSOLUTE
    ../clib/printf.c                         0x00000000   Number         0  _printf_hex_ll.o ABSOLUTE
    ../clib/printf.c                         0x00000000   Number         0  _printf_hex_int.o ABSOLUTE
    ../clib/printf.c                         0x00000000   Number         0  _printf_hex_int_ll.o ABSOLUTE
    ../clib/printf.c                         0x00000000   Number         0  _printf_hex_ptr.o ABSOLUTE
    ../clib/printf_percent.s                 0x00000000   Number         0  _printf_x.o ABSOLUTE
    ../clib/printf_percent.s                 0x00000000   Number         0  _printf_percent.o ABSOLUTE
    ../clib/printf_percent.s                 0x00000000   Number         0  _printf_percent_end.o ABSOLUTE
    ../clib/signal.c                         0x00000000   Number         0  __raise.o ABSOLUTE
    ../clib/signal.c                         0x00000000   Number         0  defsig_other.o ABSOLUTE
    ../clib/signal.c                         0x00000000   Number         0  defsig_segv_inner.o ABSOLUTE
    ../clib/signal.c                         0x00000000   Number         0  defsig_cppl_inner.o ABSOLUTE
    ../clib/signal.c                         0x00000000   Number         0  defsig_pvfn_inner.o ABSOLUTE
    ../clib/signal.c                         0x00000000   Number         0  defsig_stak_inner.o ABSOLUTE
    ../clib/signal.c                         0x00000000   Number         0  defsig_rtred_inner.o ABSOLUTE
    ../clib/signal.c                         0x00000000   Number         0  defsig_fpe_inner.o ABSOLUTE
    ../clib/signal.c                         0x00000000   Number         0  defsig_general.o ABSOLUTE
    ../clib/signal.c                         0x00000000   Number         0  defsig_abrt_inner.o ABSOLUTE
    ../clib/signal.c                         0x00000000   Number         0  defsig_rtmem_inner.o ABSOLUTE
    ../clib/signal.c                         0x00000000   Number         0  defsig_rtmem_outer.o ABSOLUTE
    ../clib/signal.c                         0x00000000   Number         0  defsig_exit.o ABSOLUTE
    ../clib/signal.c                         0x00000000   Number         0  defsig_rtmem_formal.o ABSOLUTE
    ../clib/signal.s                         0x00000000   Number         0  defsig.o ABSOLUTE
    ../clib/stdio.c                          0x00000000   Number         0  ferror_locked.o ABSOLUTE
    ../clib/stdio.c                          0x00000000   Number         0  ferror.o ABSOLUTE
    ../clib/stdlib.c                         0x00000000   Number         0  exit.o ABSOLUTE
    ../fplib/dfix.s                          0x00000000   Number         0  dfix.o ABSOLUTE
    ../fplib/dmul.s                          0x00000000   Number         0  dmul.o ABSOLUTE
    ../fplib/dnaninf.s                       0x00000000   Number         0  dnaninf.o ABSOLUTE
    ../fplib/dretinf.s                       0x00000000   Number         0  dretinf.o ABSOLUTE
    ../fplib/f2d.s                           0x00000000   Number         0  f2d.o ABSOLUTE
    ../fplib/fflt.s                          0x00000000   Number         0  fflt_clz.o ABSOLUTE
    ../fplib/fnaninf.s                       0x00000000   Number         0  fnaninf.o ABSOLUTE
    ../fplib/fpinit.s                        0x00000000   Number         0  fpinit.o ABSOLUTE
    ../fplib/usenofp.s                       0x00000000   Number         0  usenofp.o ABSOLUTE
    ..\CORE\core_cm3.c                       0x00000000   Number         0  core_cm3.o ABSOLUTE
    ..\CORE\startup_stm32f10x_md.s           0x00000000   Number         0  startup_stm32f10x_md.o ABSOLUTE
    ..\HARDWARE\24CXX\24cxx.c                0x00000000   Number         0  24cxx.o ABSOLUTE
    ..\HARDWARE\24L01\24l01.c                0x00000000   Number         0  24l01.o ABSOLUTE
    ..\HARDWARE\ADC\adc.c                    0x00000000   Number         0  adc.o ABSOLUTE
    ..\HARDWARE\DS18B20\ds18B20.c            0x00000000   Number         0  ds18b20.o ABSOLUTE
    ..\HARDWARE\FLASH\flash.c                0x00000000   Number         0  flash.o ABSOLUTE
    ..\HARDWARE\IIC\myiic.c                  0x00000000   Number         0  myiic.o ABSOLUTE
    ..\HARDWARE\KEY\key.c                    0x00000000   Number         0  key.o ABSOLUTE
    ..\HARDWARE\LCD\lcd.c                    0x00000000   Number         0  lcd.o ABSOLUTE
    ..\HARDWARE\LED\led.c                    0x00000000   Number         0  led.o ABSOLUTE
    ..\HARDWARE\PWM\pwm.c                    0x00000000   Number         0  pwm.o ABSOLUTE
    ..\HARDWARE\SPI\spi.c                    0x00000000   Number         0  spi.o ABSOLUTE
    ..\HARDWARE\TIMER\timer.c                0x00000000   Number         0  timer.o ABSOLUTE
    ..\HARDWARE\TSensor\tsensor.c            0x00000000   Number         0  tsensor.o ABSOLUTE
    ..\HARDWARE\WDG\wdg.c                    0x00000000   Number         0  wdg.o ABSOLUTE
    ..\HARDWARE\WKUP\wkup.c                  0x00000000   Number         0  wkup.o ABSOLUTE
    ..\STM32F10x_FWLib\src\misc.c            0x00000000   Number         0  misc.o ABSOLUTE
    ..\STM32F10x_FWLib\src\stm32f10x_adc.c   0x00000000   Number         0  stm32f10x_adc.o ABSOLUTE
    ..\STM32F10x_FWLib\src\stm32f10x_bkp.c   0x00000000   Number         0  stm32f10x_bkp.o ABSOLUTE
    ..\STM32F10x_FWLib\src\stm32f10x_can.c   0x00000000   Number         0  stm32f10x_can.o ABSOLUTE
    ..\STM32F10x_FWLib\src\stm32f10x_cec.c   0x00000000   Number         0  stm32f10x_cec.o ABSOLUTE
    ..\STM32F10x_FWLib\src\stm32f10x_crc.c   0x00000000   Number         0  stm32f10x_crc.o ABSOLUTE
    ..\STM32F10x_FWLib\src\stm32f10x_dac.c   0x00000000   Number         0  stm32f10x_dac.o ABSOLUTE
    ..\STM32F10x_FWLib\src\stm32f10x_dbgmcu.c 0x00000000   Number         0  stm32f10x_dbgmcu.o ABSOLUTE
    ..\STM32F10x_FWLib\src\stm32f10x_dma.c   0x00000000   Number         0  stm32f10x_dma.o ABSOLUTE
    ..\STM32F10x_FWLib\src\stm32f10x_exti.c  0x00000000   Number         0  stm32f10x_exti.o ABSOLUTE
    ..\STM32F10x_FWLib\src\stm32f10x_flash.c 0x00000000   Number         0  stm32f10x_flash.o ABSOLUTE
    ..\STM32F10x_FWLib\src\stm32f10x_fsmc.c  0x00000000   Number         0  stm32f10x_fsmc.o ABSOLUTE
    ..\STM32F10x_FWLib\src\stm32f10x_gpio.c  0x00000000   Number         0  stm32f10x_gpio.o ABSOLUTE
    ..\STM32F10x_FWLib\src\stm32f10x_i2c.c   0x00000000   Number         0  stm32f10x_i2c.o ABSOLUTE
    ..\STM32F10x_FWLib\src\stm32f10x_iwdg.c  0x00000000   Number         0  stm32f10x_iwdg.o ABSOLUTE
    ..\STM32F10x_FWLib\src\stm32f10x_pwr.c   0x00000000   Number         0  stm32f10x_pwr.o ABSOLUTE
    ..\STM32F10x_FWLib\src\stm32f10x_rcc.c   0x00000000   Number         0  stm32f10x_rcc.o ABSOLUTE
    ..\STM32F10x_FWLib\src\stm32f10x_rtc.c   0x00000000   Number         0  stm32f10x_rtc.o ABSOLUTE
    ..\STM32F10x_FWLib\src\stm32f10x_sdio.c  0x00000000   Number         0  stm32f10x_sdio.o ABSOLUTE
    ..\STM32F10x_FWLib\src\stm32f10x_spi.c   0x00000000   Number         0  stm32f10x_spi.o ABSOLUTE
    ..\STM32F10x_FWLib\src\stm32f10x_tim.c   0x00000000   Number         0  stm32f10x_tim.o ABSOLUTE
    ..\STM32F10x_FWLib\src\stm32f10x_usart.c 0x00000000   Number         0  stm32f10x_usart.o ABSOLUTE
    ..\STM32F10x_FWLib\src\stm32f10x_wwdg.c  0x00000000   Number         0  stm32f10x_wwdg.o ABSOLUTE
    ..\SYSTEM\delay\delay.c                  0x00000000   Number         0  delay.o ABSOLUTE
    ..\SYSTEM\sys\sys.c                      0x00000000   Number         0  sys.o ABSOLUTE
    ..\SYSTEM\usart\usart.c                  0x00000000   Number         0  usart.o ABSOLUTE
    ..\\CORE\\core_cm3.c                     0x00000000   Number         0  core_cm3.o ABSOLUTE
    data_transfer.c                          0x00000000   Number         0  data_transfer.o ABSOLUTE
    dc.s                                     0x00000000   Number         0  dc.o ABSOLUTE
    main.c                                   0x00000000   Number         0  main.o ABSOLUTE
    stm32f10x_it.c                           0x00000000   Number         0  stm32f10x_it.o ABSOLUTE
    system_stm32f10x.c                       0x00000000   Number         0  system_stm32f10x.o ABSOLUTE
    RESET                                    0x08000000   Section      236  startup_stm32f10x_md.o(RESET)
    !!!main                                  0x080000ec   Section        8  __main.o(!!!main)
    !!!scatter                               0x080000f4   Section       52  __scatter.o(!!!scatter)
    !!handler_copy                           0x08000128   Section       26  __scatter_copy.o(!!handler_copy)
    !!handler_zi                             0x08000144   Section       28  __scatter_zi.o(!!handler_zi)
    .ARM.Collect$$_printf_percent$$00000000  0x08000160   Section        0  _printf_percent.o(.ARM.Collect$$_printf_percent$$00000000)
    .ARM.Collect$$_printf_percent$$00000017  0x08000160   Section        4  _printf_percent_end.o(.ARM.Collect$$_printf_percent$$00000017)
    .ARM.Collect$$libinit$$00000000          0x08000164   Section        2  libinit.o(.ARM.Collect$$libinit$$00000000)
    .ARM.Collect$$libinit$$00000002          0x08000166   Section        0  libinit2.o(.ARM.Collect$$libinit$$00000002)
    .ARM.Collect$$libinit$$00000008          0x08000166   Section        0  libinit2.o(.ARM.Collect$$libinit$$00000008)
    .ARM.Collect$$libinit$$0000000A          0x08000166   Section        0  libinit2.o(.ARM.Collect$$libinit$$0000000A)
    .ARM.Collect$$libinit$$0000000C          0x08000166   Section        0  libinit2.o(.ARM.Collect$$libinit$$0000000C)
    .ARM.Collect$$libinit$$0000000F          0x08000166   Section        0  libinit2.o(.ARM.Collect$$libinit$$0000000F)
    .ARM.Collect$$libinit$$00000011          0x08000166   Section        0  libinit2.o(.ARM.Collect$$libinit$$00000011)
    .ARM.Collect$$libinit$$00000013          0x08000166   Section        0  libinit2.o(.ARM.Collect$$libinit$$00000013)
    .ARM.Collect$$libinit$$00000015          0x08000166   Section        0  libinit2.o(.ARM.Collect$$libinit$$00000015)
    .ARM.Collect$$libinit$$00000017          0x08000166   Section        0  libinit2.o(.ARM.Collect$$libinit$$00000017)
    .ARM.Collect$$libinit$$00000019          0x08000166   Section        0  libinit2.o(.ARM.Collect$$libinit$$00000019)
    .ARM.Collect$$libinit$$0000001B          0x08000166   Section        0  libinit2.o(.ARM.Collect$$libinit$$0000001B)
    .ARM.Collect$$libinit$$0000001D          0x08000166   Section        0  libinit2.o(.ARM.Collect$$libinit$$0000001D)
    .ARM.Collect$$libinit$$0000001F          0x08000166   Section        0  libinit2.o(.ARM.Collect$$libinit$$0000001F)
    .ARM.Collect$$libinit$$00000021          0x08000166   Section        0  libinit2.o(.ARM.Collect$$libinit$$00000021)
    .ARM.Collect$$libinit$$00000023          0x08000166   Section        0  libinit2.o(.ARM.Collect$$libinit$$00000023)
    .ARM.Collect$$libinit$$0000002A          0x08000166   Section        0  libinit2.o(.ARM.Collect$$libinit$$0000002A)
    .ARM.Collect$$libinit$$0000002C          0x08000166   Section        0  libinit2.o(.ARM.Collect$$libinit$$0000002C)
    .ARM.Collect$$libinit$$0000002E          0x08000166   Section        0  libinit2.o(.ARM.Collect$$libinit$$0000002E)
    .ARM.Collect$$libinit$$00000030          0x08000166   Section        0  libinit2.o(.ARM.Collect$$libinit$$00000030)
    .ARM.Collect$$libinit$$00000031          0x08000166   Section        2  libinit2.o(.ARM.Collect$$libinit$$00000031)
    .ARM.Collect$$libshutdown$$00000000      0x08000168   Section        2  libshutdown.o(.ARM.Collect$$libshutdown$$00000000)
    .ARM.Collect$$libshutdown$$00000003      0x0800016a   Section        0  libshutdown2.o(.ARM.Collect$$libshutdown$$00000003)
    .ARM.Collect$$libshutdown$$00000006      0x0800016a   Section        0  libshutdown2.o(.ARM.Collect$$libshutdown$$00000006)
    .ARM.Collect$$libshutdown$$00000009      0x0800016a   Section        0  libshutdown2.o(.ARM.Collect$$libshutdown$$00000009)
    .ARM.Collect$$libshutdown$$0000000B      0x0800016a   Section        0  libshutdown2.o(.ARM.Collect$$libshutdown$$0000000B)
    .ARM.Collect$$libshutdown$$0000000E      0x0800016a   Section        0  libshutdown2.o(.ARM.Collect$$libshutdown$$0000000E)
    .ARM.Collect$$libshutdown$$0000000F      0x0800016a   Section        2  libshutdown2.o(.ARM.Collect$$libshutdown$$0000000F)
    .ARM.Collect$$rtentry$$00000000          0x0800016c   Section        0  rtentry.o(.ARM.Collect$$rtentry$$00000000)
    .ARM.Collect$$rtentry$$00000002          0x0800016c   Section        0  rtentry2.o(.ARM.Collect$$rtentry$$00000002)
    .ARM.Collect$$rtentry$$00000004          0x0800016c   Section        6  rtentry4.o(.ARM.Collect$$rtentry$$00000004)
    .ARM.Collect$$rtentry$$00000009          0x08000172   Section        0  rtentry2.o(.ARM.Collect$$rtentry$$00000009)
    .ARM.Collect$$rtentry$$0000000A          0x08000172   Section        4  rtentry2.o(.ARM.Collect$$rtentry$$0000000A)
    .ARM.Collect$$rtentry$$0000000C          0x08000176   Section        0  rtentry2.o(.ARM.Collect$$rtentry$$0000000C)
    .ARM.Collect$$rtentry$$0000000D          0x08000176   Section        8  rtentry2.o(.ARM.Collect$$rtentry$$0000000D)
    .ARM.Collect$$rtexit$$00000000           0x0800017e   Section        2  rtexit.o(.ARM.Collect$$rtexit$$00000000)
    .ARM.Collect$$rtexit$$00000002           0x08000180   Section        0  rtexit2.o(.ARM.Collect$$rtexit$$00000002)
    .ARM.Collect$$rtexit$$00000003           0x08000180   Section        4  rtexit2.o(.ARM.Collect$$rtexit$$00000003)
    .ARM.Collect$$rtexit$$00000004           0x08000184   Section        6  rtexit2.o(.ARM.Collect$$rtexit$$00000004)
    .text                                    0x0800018c   Section        0  main.o(.text)
    .text                                    0x0800021c   Section        0  stm32f10x_it.o(.text)
    .text                                    0x08000238   Section        0  system_stm32f10x.o(.text)
    SetSysClockTo72                          0x08000239   Thumb Code   212  system_stm32f10x.o(.text)
    SetSysClock                              0x0800030d   Thumb Code     8  system_stm32f10x.o(.text)
    .text                                    0x08000414   Section        0  data_transfer.o(.text)
    .text                                    0x080004fc   Section        0  led.o(.text)
    .text                                    0x08000560   Section        0  wdg.o(.text)
    .text                                    0x08000608   Section        0  timer.o(.text)
    .text                                    0x08000698   Section        0  wkup.o(.text)
    .text                                    0x080007a0   Section        0  spi.o(.text)
    .text                                    0x0800087c   Section        0  24l01.o(.text)
    .text                                    0x08000ce0   Section        0  delay.o(.text)
    .text                                    0x08000d88   Section        0  sys.o(.text)
    .text                                    0x08000d94   Section        0  usart.o(.text)
    .text                                    0x080010ec   Section       64  startup_stm32f10x_md.o(.text)
    .text                                    0x0800112c   Section        0  misc.o(.text)
    .text                                    0x08001208   Section        0  stm32f10x_exti.o(.text)
    .text                                    0x08001324   Section        0  stm32f10x_gpio.o(.text)
    .text                                    0x0800167c   Section        0  stm32f10x_iwdg.o(.text)
    .text                                    0x080016bc   Section        0  stm32f10x_pwr.o(.text)
    .text                                    0x08001788   Section        0  stm32f10x_rcc.o(.text)
    .text                                    0x08001b2c   Section        0  stm32f10x_spi.o(.text)
    .text                                    0x08001e38   Section        0  stm32f10x_tim.o(.text)
    TI4_Config                               0x080022df   Thumb Code   130  stm32f10x_tim.o(.text)
    TI3_Config                               0x08002373   Thumb Code   122  stm32f10x_tim.o(.text)
    TI2_Config                               0x08002407   Thumb Code   130  stm32f10x_tim.o(.text)
    TI1_Config                               0x0800249b   Thumb Code   108  stm32f10x_tim.o(.text)
    .text                                    0x08002c54   Section        0  stm32f10x_usart.o(.text)
    .text                                    0x0800305c   Section        0  stm32f10x_wwdg.o(.text)
    .text                                    0x080030e4   Section        2  use_no_semi_2.o(.text)
    .text                                    0x080030e8   Section        0  noretval__2printf.o(.text)
    .text                                    0x08003100   Section        0  __printf.o(.text)
    .text                                    0x08003168   Section        0  heapauxi.o(.text)
    .text                                    0x0800316e   Section        2  use_no_semi.o(.text)
    .text                                    0x08003170   Section        0  _printf_char_file.o(.text)
    .text                                    0x08003194   Section        0  _printf_char_common.o(.text)
    _printf_input_char                       0x08003195   Thumb Code    10  _printf_char_common.o(.text)
    .text                                    0x080031c4   Section        0  ferror.o(.text)
    .text                                    0x080031cc   Section       74  sys_stackheap_outer.o(.text)
    .text                                    0x08003216   Section        0  exit.o(.text)
    .text                                    0x08003224   Section        8  libspace.o(.text)
    .data                                    0x20000000   Section       20  system_stm32f10x.o(.data)
    .data                                    0x20000014   Section       10  24l01.o(.data)
    .data                                    0x2000001e   Section        4  delay.o(.data)
    fac_us                                   0x2000001e   Data           1  delay.o(.data)
    fac_ms                                   0x20000020   Data           2  delay.o(.data)
    .data                                    0x20000024   Section       16  usart.o(.data)
    TxCounter                                0x20000025   Data           1  usart.o(.data)
    count                                    0x20000026   Data           1  usart.o(.data)
    Rx_Adr                                   0x20000027   Data           1  usart.o(.data)
    .data                                    0x20000034   Section       20  stm32f10x_rcc.o(.data)
    APBAHBPrescTable                         0x20000034   Data          16  stm32f10x_rcc.o(.data)
    ADCPrescTable                            0x20000044   Data           4  stm32f10x_rcc.o(.data)
    .bss                                     0x20000048   Section      104  data_transfer.o(.bss)
    .bss                                     0x200000b0   Section       18  spi.o(.bss)
    .bss                                     0x200000c2   Section      352  usart.o(.bss)
    TxBuffer                                 0x20000102   Data         256  usart.o(.bss)
    .bss                                     0x20000224   Section       96  libspace.o(.bss)
    HEAP                                     0x20000288   Section      512  startup_stm32f10x_md.o(HEAP)
    Heap_Mem                                 0x20000288   Data         512  startup_stm32f10x_md.o(HEAP)
    STACK                                    0x20000488   Section     1024  startup_stm32f10x_md.o(STACK)
    Stack_Mem                                0x20000488   Data        1024  startup_stm32f10x_md.o(STACK)
    __initial_sp                             0x20000888   Data           0  startup_stm32f10x_md.o(STACK)

    Global Symbols

    Symbol Name                              Value     Ov Type        Size  Object(Section)

    BuildAttributes$$THM_ISAv4$P$D$K$B$S$PE$A:L22UL41UL21$X:L11$S22US41US21$IEEE1$IW$USESV6$~STKCKD$USESV7$~SHL$OSPACE$ROPI$EBA8$UX$STANDARDLIB$REQ8$PRES8$EABIv2 0x00000000   Number         0  anon$$obj.o ABSOLUTE
    __ARM_use_no_argv                        0x00000000   Number         0  main.o ABSOLUTE
    __ARM_exceptions_init                     - Undefined Weak Reference
    __alloca_initialize                       - Undefined Weak Reference
    __cpp_initialize__aeabi_                  - Undefined Weak Reference
    __cxa_finalize                            - Undefined Weak Reference
    __rt_locale                               - Undefined Weak Reference
    __sigvec_lookup                           - Undefined Weak Reference
    _atexit_init                              - Undefined Weak Reference
    _call_atexit_fns                          - Undefined Weak Reference
    _clock_init                               - Undefined Weak Reference
    _fp_trap_init                             - Undefined Weak Reference
    _fp_trap_shutdown                         - Undefined Weak Reference
    _get_lc_collate                           - Undefined Weak Reference
    _get_lc_ctype                             - Undefined Weak Reference
    _get_lc_monetary                          - Undefined Weak Reference
    _get_lc_numeric                           - Undefined Weak Reference
    _get_lc_time                              - Undefined Weak Reference
    _getenv_init                              - Undefined Weak Reference
    _handle_redirection                       - Undefined Weak Reference
    _init_alloc                               - Undefined Weak Reference
    _init_user_alloc                          - Undefined Weak Reference
    _initio                                   - Undefined Weak Reference
    _mutex_acquire                            - Undefined Weak Reference
    _mutex_release                            - Undefined Weak Reference
    _printf_post_padding                      - Undefined Weak Reference
    _printf_pre_padding                       - Undefined Weak Reference
    _printf_truncate_unsigned                 - Undefined Weak Reference
    _rand_init                                - Undefined Weak Reference
    _signal_finish                            - Undefined Weak Reference
    _signal_init                              - Undefined Weak Reference
    _terminate_alloc                          - Undefined Weak Reference
    _terminate_user_alloc                     - Undefined Weak Reference
    _terminateio                              - Undefined Weak Reference
    __Vectors_Size                           0x000000ec   Number         0  startup_stm32f10x_md.o ABSOLUTE
    __Vectors                                0x08000000   Data           4  startup_stm32f10x_md.o(RESET)
    __Vectors_End                            0x080000ec   Data           0  startup_stm32f10x_md.o(RESET)
    __main                                   0x080000ed   Thumb Code     8  __main.o(!!!main)
    __scatterload                            0x080000f5   Thumb Code     0  __scatter.o(!!!scatter)
    __scatterload_rt2                        0x080000f5   Thumb Code    44  __scatter.o(!!!scatter)
    __scatterload_rt2_thumb_only             0x080000f5   Thumb Code     0  __scatter.o(!!!scatter)
    __scatterload_null                       0x08000103   Thumb Code     0  __scatter.o(!!!scatter)
    __scatterload_copy                       0x08000129   Thumb Code    26  __scatter_copy.o(!!handler_copy)
    __scatterload_zeroinit                   0x08000145   Thumb Code    28  __scatter_zi.o(!!handler_zi)
    _printf_percent                          0x08000161   Thumb Code     0  _printf_percent.o(.ARM.Collect$$_printf_percent$$00000000)
    _printf_percent_end                      0x08000161   Thumb Code     0  _printf_percent_end.o(.ARM.Collect$$_printf_percent$$00000017)
    __rt_lib_init                            0x08000165   Thumb Code     0  libinit.o(.ARM.Collect$$libinit$$00000000)
    __rt_lib_init_alloca_1                   0x08000167   Thumb Code     0  libinit2.o(.ARM.Collect$$libinit$$0000002C)
    __rt_lib_init_argv_1                     0x08000167   Thumb Code     0  libinit2.o(.ARM.Collect$$libinit$$0000002A)
    __rt_lib_init_atexit_1                   0x08000167   Thumb Code     0  libinit2.o(.ARM.Collect$$libinit$$00000019)
    __rt_lib_init_clock_1                    0x08000167   Thumb Code     0  libinit2.o(.ARM.Collect$$libinit$$0000001F)
    __rt_lib_init_cpp_1                      0x08000167   Thumb Code     0  libinit2.o(.ARM.Collect$$libinit$$00000030)
    __rt_lib_init_exceptions_1               0x08000167   Thumb Code     0  libinit2.o(.ARM.Collect$$libinit$$0000002E)
    __rt_lib_init_fp_1                       0x08000167   Thumb Code     0  libinit2.o(.ARM.Collect$$libinit$$00000002)
    __rt_lib_init_fp_trap_1                  0x08000167   Thumb Code     0  libinit2.o(.ARM.Collect$$libinit$$0000001D)
    __rt_lib_init_getenv_1                   0x08000167   Thumb Code     0  libinit2.o(.ARM.Collect$$libinit$$00000021)
    __rt_lib_init_heap_1                     0x08000167   Thumb Code     0  libinit2.o(.ARM.Collect$$libinit$$00000008)
    __rt_lib_init_lc_collate_1               0x08000167   Thumb Code     0  libinit2.o(.ARM.Collect$$libinit$$0000000F)
    __rt_lib_init_lc_ctype_1                 0x08000167   Thumb Code     0  libinit2.o(.ARM.Collect$$libinit$$00000011)
    __rt_lib_init_lc_monetary_1              0x08000167   Thumb Code     0  libinit2.o(.ARM.Collect$$libinit$$00000013)
    __rt_lib_init_lc_numeric_1               0x08000167   Thumb Code     0  libinit2.o(.ARM.Collect$$libinit$$00000015)
    __rt_lib_init_lc_time_1                  0x08000167   Thumb Code     0  libinit2.o(.ARM.Collect$$libinit$$00000017)
    __rt_lib_init_rand_1                     0x08000167   Thumb Code     0  libinit2.o(.ARM.Collect$$libinit$$0000000C)
    __rt_lib_init_return                     0x08000167   Thumb Code     0  libinit2.o(.ARM.Collect$$libinit$$00000031)
    __rt_lib_init_signal_1                   0x08000167   Thumb Code     0  libinit2.o(.ARM.Collect$$libinit$$0000001B)
    __rt_lib_init_stdio_1                    0x08000167   Thumb Code     0  libinit2.o(.ARM.Collect$$libinit$$00000023)
    __rt_lib_init_user_alloc_1               0x08000167   Thumb Code     0  libinit2.o(.ARM.Collect$$libinit$$0000000A)
    __rt_lib_shutdown                        0x08000169   Thumb Code     0  libshutdown.o(.ARM.Collect$$libshutdown$$00000000)
    __rt_lib_shutdown_fp_trap_1              0x0800016b   Thumb Code     0  libshutdown2.o(.ARM.Collect$$libshutdown$$00000006)
    __rt_lib_shutdown_heap_1                 0x0800016b   Thumb Code     0  libshutdown2.o(.ARM.Collect$$libshutdown$$0000000E)
    __rt_lib_shutdown_return                 0x0800016b   Thumb Code     0  libshutdown2.o(.ARM.Collect$$libshutdown$$0000000F)
    __rt_lib_shutdown_signal_1               0x0800016b   Thumb Code     0  libshutdown2.o(.ARM.Collect$$libshutdown$$00000009)
    __rt_lib_shutdown_stdio_1                0x0800016b   Thumb Code     0  libshutdown2.o(.ARM.Collect$$libshutdown$$00000003)
    __rt_lib_shutdown_user_alloc_1           0x0800016b   Thumb Code     0  libshutdown2.o(.ARM.Collect$$libshutdown$$0000000B)
    __rt_entry                               0x0800016d   Thumb Code     0  rtentry.o(.ARM.Collect$$rtentry$$00000000)
    __rt_entry_presh_1                       0x0800016d   Thumb Code     0  rtentry2.o(.ARM.Collect$$rtentry$$00000002)
    __rt_entry_sh                            0x0800016d   Thumb Code     0  rtentry4.o(.ARM.Collect$$rtentry$$00000004)
    __rt_entry_li                            0x08000173   Thumb Code     0  rtentry2.o(.ARM.Collect$$rtentry$$0000000A)
    __rt_entry_postsh_1                      0x08000173   Thumb Code     0  rtentry2.o(.ARM.Collect$$rtentry$$00000009)
    __rt_entry_main                          0x08000177   Thumb Code     0  rtentry2.o(.ARM.Collect$$rtentry$$0000000D)
    __rt_entry_postli_1                      0x08000177   Thumb Code     0  rtentry2.o(.ARM.Collect$$rtentry$$0000000C)
    __rt_exit                                0x0800017f   Thumb Code     0  rtexit.o(.ARM.Collect$$rtexit$$00000000)
    __rt_exit_ls                             0x08000181   Thumb Code     0  rtexit2.o(.ARM.Collect$$rtexit$$00000003)
    __rt_exit_prels_1                        0x08000181   Thumb Code     0  rtexit2.o(.ARM.Collect$$rtexit$$00000002)
    __rt_exit_exit                           0x08000185   Thumb Code     0  rtexit2.o(.ARM.Collect$$rtexit$$00000004)
    Check_bsp                                0x0800018d   Thumb Code    26  main.o(.text)
    Init                                     0x080001a7   Thumb Code    46  main.o(.text)
    main                                     0x080001d5   Thumb Code    20  main.o(.text)
    NMI_Handler                              0x0800021d   Thumb Code     2  stm32f10x_it.o(.text)
    HardFault_Handler                        0x0800021f   Thumb Code     4  stm32f10x_it.o(.text)
    MemManage_Handler                        0x08000223   Thumb Code     4  stm32f10x_it.o(.text)
    BusFault_Handler                         0x08000227   Thumb Code     4  stm32f10x_it.o(.text)
    UsageFault_Handler                       0x0800022b   Thumb Code     4  stm32f10x_it.o(.text)
    SVC_Handler                              0x0800022f   Thumb Code     2  stm32f10x_it.o(.text)
    DebugMon_Handler                         0x08000231   Thumb Code     2  stm32f10x_it.o(.text)
    PendSV_Handler                           0x08000233   Thumb Code     2  stm32f10x_it.o(.text)
    SysTick_Handler                          0x08000235   Thumb Code     2  stm32f10x_it.o(.text)
    SystemInit                               0x08000315   Thumb Code    78  system_stm32f10x.o(.text)
    SystemCoreClockUpdate                    0x08000363   Thumb Code   142  system_stm32f10x.o(.text)
    Uart_DTSend_Buf                          0x08000415   Thumb Code    16  data_transfer.o(.text)
    NRF_DTSend_Buf                           0x08000425   Thumb Code    14  data_transfer.o(.text)
    Usart_Data_Anl                           0x08000433   Thumb Code    18  data_transfer.o(.text)
    Uart_CheckEvent                          0x08000445   Thumb Code    50  data_transfer.o(.text)
    NRF_Check_Event                          0x08000477   Thumb Code    90  data_transfer.o(.text)
    Get_Sum                                  0x080004d1   Thumb Code    32  data_transfer.o(.text)
    LED_Init                                 0x080004fd   Thumb Code    92  led.o(.text)
    IWDG_Init                                0x08000561   Thumb Code    36  wdg.o(.text)
    IWDG_Feed                                0x08000585   Thumb Code     8  wdg.o(.text)
    WWDG_NVIC_Init                           0x0800058d   Thumb Code    28  wdg.o(.text)
    WWDG_Init                                0x080005a9   Thumb Code    48  wdg.o(.text)
    WWDG_Set_Counter                         0x080005d9   Thumb Code    12  wdg.o(.text)
    WWDG_IRQHandler                          0x080005e5   Thumb Code    30  wdg.o(.text)
    Timerx_Init                              0x08000609   Thumb Code    98  timer.o(.text)
    TIM3_IRQHandler                          0x0800066b   Thumb Code    38  timer.o(.text)
    Sys_Standby                              0x08000699   Thumb Code    30  wkup.o(.text)
    Sys_Enter_Standby                        0x080006b7   Thumb Code    18  wkup.o(.text)
    Check_WKUP                               0x080006c9   Thumb Code    72  wkup.o(.text)
    EXTI0_IRQHandler                         0x08000711   Thumb Code    20  wkup.o(.text)
    WKUP_Init                                0x08000725   Thumb Code   106  wkup.o(.text)
    SPIx_ReadWriteByte                       0x080007a1   Thumb Code    76  spi.o(.text)
    SPIx_Init                                0x080007ed   Thumb Code   106  spi.o(.text)
    SPIx_SetSpeed                            0x08000857   Thumb Code    26  spi.o(.text)
    NRF24L01_Init                            0x0800087d   Thumb Code   124  24l01.o(.text)
    NRF24L01_Read_Buf                        0x080008f9   Thumb Code    60  24l01.o(.text)
    NRF24L01_Write_Buf                       0x08000935   Thumb Code    60  24l01.o(.text)
    NRF24L01_Check                           0x08000971   Thumb Code    72  24l01.o(.text)
    NRF24L01_Write_Reg                       0x080009b9   Thumb Code    40  24l01.o(.text)
    NRF24L01_Read_Reg                        0x080009e1   Thumb Code    38  24l01.o(.text)
    NRF_TxPacket_AP                          0x08000a07   Thumb Code    34  24l01.o(.text)
    NRF_TxPacket                             0x08000a29   Thumb Code    44  24l01.o(.text)
    NRF24L01_TxPacket                        0x08000a55   Thumb Code   116  24l01.o(.text)
    NRF24L01_RxPacket                        0x08000ac9   Thumb Code    58  24l01.o(.text)
    RX_Mode                                  0x08000b03   Thumb Code    78  24l01.o(.text)
    TX_Mode                                  0x08000b51   Thumb Code    88  24l01.o(.text)
    NRF_Mode                                 0x08000ba9   Thumb Code   308  24l01.o(.text)
    delay_init                               0x08000ce1   Thumb Code    50  delay.o(.text)
    delay_ms                                 0x08000d13   Thumb Code    54  delay.o(.text)
    delay_us                                 0x08000d49   Thumb Code    54  delay.o(.text)
    NVIC_Configuration                       0x08000d89   Thumb Code    12  sys.o(.text)
    _sys_exit                                0x08000d95   Thumb Code     6  usart.o(.text)
    fputc                                    0x08000d9b   Thumb Code    22  usart.o(.text)
    uart_init                                0x08000db1   Thumb Code   152  usart.o(.text)
    USART1_IRQHandler                        0x08000e49   Thumb Code   252  usart.o(.text)
    Uart1_Put_Char                           0x08000f45   Thumb Code    48  usart.o(.text)
    Uart1_Put_Int16                          0x08000f75   Thumb Code    86  usart.o(.text)
    Uart1_Put_Float                          0x08000fcb   Thumb Code   144  usart.o(.text)
    Uart1_Put_String                         0x0800105b   Thumb Code    46  usart.o(.text)
    Usart1_Send_Buf                          0x08001089   Thumb Code    64  usart.o(.text)
    Reset_Handler                            0x080010ed   Thumb Code     8  startup_stm32f10x_md.o(.text)
    ADC1_2_IRQHandler                        0x08001107   Thumb Code     0  startup_stm32f10x_md.o(.text)
    CAN1_RX1_IRQHandler                      0x08001107   Thumb Code     0  startup_stm32f10x_md.o(.text)
    CAN1_SCE_IRQHandler                      0x08001107   Thumb Code     0  startup_stm32f10x_md.o(.text)
    DMA1_Channel1_IRQHandler                 0x08001107   Thumb Code     0  startup_stm32f10x_md.o(.text)
    DMA1_Channel2_IRQHandler                 0x08001107   Thumb Code     0  startup_stm32f10x_md.o(.text)
    DMA1_Channel3_IRQHandler                 0x08001107   Thumb Code     0  startup_stm32f10x_md.o(.text)
    DMA1_Channel4_IRQHandler                 0x08001107   Thumb Code     0  startup_stm32f10x_md.o(.text)
    DMA1_Channel5_IRQHandler                 0x08001107   Thumb Code     0  startup_stm32f10x_md.o(.text)
    DMA1_Channel6_IRQHandler                 0x08001107   Thumb Code     0  startup_stm32f10x_md.o(.text)
    DMA1_Channel7_IRQHandler                 0x08001107   Thumb Code     0  startup_stm32f10x_md.o(.text)
    EXTI15_10_IRQHandler                     0x08001107   Thumb Code     0  startup_stm32f10x_md.o(.text)
    EXTI1_IRQHandler                         0x08001107   Thumb Code     0  startup_stm32f10x_md.o(.text)
    EXTI2_IRQHandler                         0x08001107   Thumb Code     0  startup_stm32f10x_md.o(.text)
    EXTI3_IRQHandler                         0x08001107   Thumb Code     0  startup_stm32f10x_md.o(.text)
    EXTI4_IRQHandler                         0x08001107   Thumb Code     0  startup_stm32f10x_md.o(.text)
    EXTI9_5_IRQHandler                       0x08001107   Thumb Code     0  startup_stm32f10x_md.o(.text)
    FLASH_IRQHandler                         0x08001107   Thumb Code     0  startup_stm32f10x_md.o(.text)
    I2C1_ER_IRQHandler                       0x08001107   Thumb Code     0  startup_stm32f10x_md.o(.text)
    I2C1_EV_IRQHandler                       0x08001107   Thumb Code     0  startup_stm32f10x_md.o(.text)
    I2C2_ER_IRQHandler                       0x08001107   Thumb Code     0  startup_stm32f10x_md.o(.text)
    I2C2_EV_IRQHandler                       0x08001107   Thumb Code     0  startup_stm32f10x_md.o(.text)
    PVD_IRQHandler                           0x08001107   Thumb Code     0  startup_stm32f10x_md.o(.text)
    RCC_IRQHandler                           0x08001107   Thumb Code     0  startup_stm32f10x_md.o(.text)
    RTCAlarm_IRQHandler                      0x08001107   Thumb Code     0  startup_stm32f10x_md.o(.text)
    RTC_IRQHandler                           0x08001107   Thumb Code     0  startup_stm32f10x_md.o(.text)
    SPI1_IRQHandler                          0x08001107   Thumb Code     0  startup_stm32f10x_md.o(.text)
    SPI2_IRQHandler                          0x08001107   Thumb Code     0  startup_stm32f10x_md.o(.text)
    TAMPER_IRQHandler                        0x08001107   Thumb Code     0  startup_stm32f10x_md.o(.text)
    TIM1_BRK_IRQHandler                      0x08001107   Thumb Code     0  startup_stm32f10x_md.o(.text)
    TIM1_CC_IRQHandler                       0x08001107   Thumb Code     0  startup_stm32f10x_md.o(.text)
    TIM1_TRG_COM_IRQHandler                  0x08001107   Thumb Code     0  startup_stm32f10x_md.o(.text)
    TIM1_UP_IRQHandler                       0x08001107   Thumb Code     0  startup_stm32f10x_md.o(.text)
    TIM2_IRQHandler                          0x08001107   Thumb Code     0  startup_stm32f10x_md.o(.text)
    TIM4_IRQHandler                          0x08001107   Thumb Code     0  startup_stm32f10x_md.o(.text)
    USART2_IRQHandler                        0x08001107   Thumb Code     0  startup_stm32f10x_md.o(.text)
    USART3_IRQHandler                        0x08001107   Thumb Code     0  startup_stm32f10x_md.o(.text)
    USBWakeUp_IRQHandler                     0x08001107   Thumb Code     0  startup_stm32f10x_md.o(.text)
    USB_HP_CAN1_TX_IRQHandler                0x08001107   Thumb Code     0  startup_stm32f10x_md.o(.text)
    USB_LP_CAN1_RX0_IRQHandler               0x08001107   Thumb Code     0  startup_stm32f10x_md.o(.text)
    __user_initial_stackheap                 0x08001109   Thumb Code     0  startup_stm32f10x_md.o(.text)
    NVIC_PriorityGroupConfig                 0x0800112d   Thumb Code    10  misc.o(.text)
    NVIC_Init                                0x08001137   Thumb Code   102  misc.o(.text)
    NVIC_SetVectorTable                      0x0800119d   Thumb Code    14  misc.o(.text)
    NVIC_SystemLPConfig                      0x080011ab   Thumb Code    34  misc.o(.text)
    SysTick_CLKSourceConfig                  0x080011cd   Thumb Code    40  misc.o(.text)
    EXTI_DeInit                              0x08001209   Thumb Code    28  stm32f10x_exti.o(.text)
    EXTI_Init                                0x08001225   Thumb Code   142  stm32f10x_exti.o(.text)
    EXTI_StructInit                          0x080012b3   Thumb Code    16  stm32f10x_exti.o(.text)
    EXTI_GenerateSWInterrupt                 0x080012c3   Thumb Code    16  stm32f10x_exti.o(.text)
    EXTI_GetFlagStatus                       0x080012d3   Thumb Code    22  stm32f10x_exti.o(.text)
    EXTI_ClearFlag                           0x080012e9   Thumb Code     8  stm32f10x_exti.o(.text)
    EXTI_GetITStatus                         0x080012f1   Thumb Code    34  stm32f10x_exti.o(.text)
    EXTI_ClearITPendingBit                   0x08001313   Thumb Code     8  stm32f10x_exti.o(.text)
    GPIO_DeInit                              0x08001325   Thumb Code   172  stm32f10x_gpio.o(.text)
    GPIO_AFIODeInit                          0x080013d1   Thumb Code    20  stm32f10x_gpio.o(.text)
    GPIO_Init                                0x080013e5   Thumb Code   274  stm32f10x_gpio.o(.text)
    GPIO_StructInit                          0x080014f7   Thumb Code    16  stm32f10x_gpio.o(.text)
    GPIO_ReadInputDataBit                    0x08001507   Thumb Code    18  stm32f10x_gpio.o(.text)
    GPIO_ReadInputData                       0x08001519   Thumb Code     8  stm32f10x_gpio.o(.text)
    GPIO_ReadOutputDataBit                   0x08001521   Thumb Code    18  stm32f10x_gpio.o(.text)
    GPIO_ReadOutputData                      0x08001533   Thumb Code     8  stm32f10x_gpio.o(.text)
    GPIO_SetBits                             0x0800153b   Thumb Code     4  stm32f10x_gpio.o(.text)
    GPIO_ResetBits                           0x0800153f   Thumb Code     4  stm32f10x_gpio.o(.text)
    GPIO_WriteBit                            0x08001543   Thumb Code    10  stm32f10x_gpio.o(.text)
    GPIO_Write                               0x0800154d   Thumb Code     4  stm32f10x_gpio.o(.text)
    GPIO_PinLockConfig                       0x08001551   Thumb Code    18  stm32f10x_gpio.o(.text)
    GPIO_EventOutputConfig                   0x08001563   Thumb Code    26  stm32f10x_gpio.o(.text)
    GPIO_EventOutputCmd                      0x0800157d   Thumb Code     6  stm32f10x_gpio.o(.text)
    GPIO_PinRemapConfig                      0x08001583   Thumb Code   138  stm32f10x_gpio.o(.text)
    GPIO_EXTILineConfig                      0x0800160d   Thumb Code    66  stm32f10x_gpio.o(.text)
    GPIO_ETH_MediaInterfaceConfig            0x0800164f   Thumb Code     6  stm32f10x_gpio.o(.text)
    IWDG_WriteAccessCmd                      0x0800167d   Thumb Code     6  stm32f10x_iwdg.o(.text)
    IWDG_SetPrescaler                        0x08001683   Thumb Code     6  stm32f10x_iwdg.o(.text)
    IWDG_SetReload                           0x08001689   Thumb Code     6  stm32f10x_iwdg.o(.text)
    IWDG_ReloadCounter                       0x0800168f   Thumb Code    10  stm32f10x_iwdg.o(.text)
    IWDG_Enable                              0x08001699   Thumb Code    10  stm32f10x_iwdg.o(.text)
    IWDG_GetFlagStatus                       0x080016a3   Thumb Code    20  stm32f10x_iwdg.o(.text)
    PWR_DeInit                               0x080016bd   Thumb Code    22  stm32f10x_pwr.o(.text)
    PWR_BackupAccessCmd                      0x080016d3   Thumb Code     6  stm32f10x_pwr.o(.text)
    PWR_PVDCmd                               0x080016d9   Thumb Code     6  stm32f10x_pwr.o(.text)
    PWR_PVDLevelConfig                       0x080016df   Thumb Code    18  stm32f10x_pwr.o(.text)
    PWR_WakeUpPinCmd                         0x080016f1   Thumb Code     6  stm32f10x_pwr.o(.text)
    PWR_EnterSTOPMode                        0x080016f7   Thumb Code    54  stm32f10x_pwr.o(.text)
    PWR_EnterSTANDBYMode                     0x0800172d   Thumb Code    42  stm32f10x_pwr.o(.text)
    PWR_GetFlagStatus                        0x08001757   Thumb Code    20  stm32f10x_pwr.o(.text)
    PWR_ClearFlag                            0x0800176b   Thumb Code    14  stm32f10x_pwr.o(.text)
    RCC_DeInit                               0x08001789   Thumb Code    64  stm32f10x_rcc.o(.text)
    RCC_HSEConfig                            0x080017c9   Thumb Code    70  stm32f10x_rcc.o(.text)
    RCC_GetFlagStatus                        0x0800180f   Thumb Code    56  stm32f10x_rcc.o(.text)
    RCC_WaitForHSEStartUp                    0x08001847   Thumb Code    56  stm32f10x_rcc.o(.text)
    RCC_AdjustHSICalibrationValue            0x0800187f   Thumb Code    20  stm32f10x_rcc.o(.text)
    RCC_HSICmd                               0x08001893   Thumb Code     6  stm32f10x_rcc.o(.text)
    RCC_PLLConfig                            0x08001899   Thumb Code    24  stm32f10x_rcc.o(.text)
    RCC_PLLCmd                               0x080018b1   Thumb Code     6  stm32f10x_rcc.o(.text)
    RCC_SYSCLKConfig                         0x080018b7   Thumb Code    18  stm32f10x_rcc.o(.text)
    RCC_GetSYSCLKSource                      0x080018c9   Thumb Code    10  stm32f10x_rcc.o(.text)
    RCC_HCLKConfig                           0x080018d3   Thumb Code    18  stm32f10x_rcc.o(.text)
    RCC_PCLK1Config                          0x080018e5   Thumb Code    18  stm32f10x_rcc.o(.text)
    RCC_PCLK2Config                          0x080018f7   Thumb Code    20  stm32f10x_rcc.o(.text)
    RCC_ITConfig                             0x0800190b   Thumb Code    26  stm32f10x_rcc.o(.text)
    RCC_USBCLKConfig                         0x08001925   Thumb Code     6  stm32f10x_rcc.o(.text)
    RCC_ADCCLKConfig                         0x0800192b   Thumb Code    18  stm32f10x_rcc.o(.text)
    RCC_LSEConfig                            0x0800193d   Thumb Code    44  stm32f10x_rcc.o(.text)
    RCC_LSICmd                               0x08001969   Thumb Code     6  stm32f10x_rcc.o(.text)
    RCC_RTCCLKConfig                         0x0800196f   Thumb Code    12  stm32f10x_rcc.o(.text)
    RCC_RTCCLKCmd                            0x0800197b   Thumb Code     8  stm32f10x_rcc.o(.text)
    RCC_GetClocksFreq                        0x08001983   Thumb Code   192  stm32f10x_rcc.o(.text)
    RCC_AHBPeriphClockCmd                    0x08001a43   Thumb Code    26  stm32f10x_rcc.o(.text)
    RCC_APB2PeriphClockCmd                   0x08001a5d   Thumb Code    26  stm32f10x_rcc.o(.text)
    RCC_APB1PeriphClockCmd                   0x08001a77   Thumb Code    26  stm32f10x_rcc.o(.text)
    RCC_APB2PeriphResetCmd                   0x08001a91   Thumb Code    26  stm32f10x_rcc.o(.text)
    RCC_APB1PeriphResetCmd                   0x08001aab   Thumb Code    26  stm32f10x_rcc.o(.text)
    RCC_BackupResetCmd                       0x08001ac5   Thumb Code     8  stm32f10x_rcc.o(.text)
    RCC_ClockSecuritySystemCmd               0x08001acd   Thumb Code     6  stm32f10x_rcc.o(.text)
    RCC_MCOConfig                            0x08001ad3   Thumb Code     6  stm32f10x_rcc.o(.text)
    RCC_ClearFlag                            0x08001ad9   Thumb Code    14  stm32f10x_rcc.o(.text)
    RCC_GetITStatus                          0x08001ae7   Thumb Code    20  stm32f10x_rcc.o(.text)
    RCC_ClearITPendingBit                    0x08001afb   Thumb Code     6  stm32f10x_rcc.o(.text)
    SPI_I2S_DeInit                           0x08001b2d   Thumb Code    76  stm32f10x_spi.o(.text)
    SPI_Init                                 0x08001b79   Thumb Code    60  stm32f10x_spi.o(.text)
    I2S_Init                                 0x08001bb5   Thumb Code   226  stm32f10x_spi.o(.text)
    SPI_StructInit                           0x08001c97   Thumb Code    24  stm32f10x_spi.o(.text)
    I2S_StructInit                           0x08001caf   Thumb Code    20  stm32f10x_spi.o(.text)
    SPI_Cmd                                  0x08001cc3   Thumb Code    24  stm32f10x_spi.o(.text)
    I2S_Cmd                                  0x08001cdb   Thumb Code    24  stm32f10x_spi.o(.text)
    SPI_I2S_ITConfig                         0x08001cf3   Thumb Code    32  stm32f10x_spi.o(.text)
    SPI_I2S_DMACmd                           0x08001d13   Thumb Code    18  stm32f10x_spi.o(.text)
    SPI_I2S_SendData                         0x08001d25   Thumb Code     4  stm32f10x_spi.o(.text)
    SPI_I2S_ReceiveData                      0x08001d29   Thumb Code     6  stm32f10x_spi.o(.text)
    SPI_NSSInternalSoftwareConfig            0x08001d2f   Thumb Code    30  stm32f10x_spi.o(.text)
    SPI_SSOutputCmd                          0x08001d4d   Thumb Code    24  stm32f10x_spi.o(.text)
    SPI_DataSizeConfig                       0x08001d65   Thumb Code    18  stm32f10x_spi.o(.text)
    SPI_TransmitCRC                          0x08001d77   Thumb Code    10  stm32f10x_spi.o(.text)
    SPI_CalculateCRC                         0x08001d81   Thumb Code    24  stm32f10x_spi.o(.text)
    SPI_GetCRC                               0x08001d99   Thumb Code    16  stm32f10x_spi.o(.text)
    SPI_GetCRCPolynomial                     0x08001da9   Thumb Code     6  stm32f10x_spi.o(.text)
    SPI_BiDirectionalLineConfig              0x08001daf   Thumb Code    28  stm32f10x_spi.o(.text)
    SPI_I2S_GetFlagStatus                    0x08001dcb   Thumb Code    18  stm32f10x_spi.o(.text)
    SPI_I2S_ClearFlag                        0x08001ddd   Thumb Code     6  stm32f10x_spi.o(.text)
    SPI_I2S_GetITStatus                      0x08001de3   Thumb Code    52  stm32f10x_spi.o(.text)
    SPI_I2S_ClearITPendingBit                0x08001e17   Thumb Code    20  stm32f10x_spi.o(.text)
    TIM_DeInit                               0x08001e39   Thumb Code   424  stm32f10x_tim.o(.text)
    TIM_TimeBaseInit                         0x08001fe1   Thumb Code   122  stm32f10x_tim.o(.text)
    TIM_OC1Init                              0x0800205b   Thumb Code   132  stm32f10x_tim.o(.text)
    TIM_OC2Init                              0x080020df   Thumb Code   154  stm32f10x_tim.o(.text)
    TIM_OC3Init                              0x08002179   Thumb Code   150  stm32f10x_tim.o(.text)
    TIM_OC4Init                              0x0800220f   Thumb Code   182  stm32f10x_tim.o(.text)
    TIM_SetIC4Prescaler                      0x080022c5   Thumb Code    26  stm32f10x_tim.o(.text)
    TIM_SetIC3Prescaler                      0x08002361   Thumb Code    18  stm32f10x_tim.o(.text)
    TIM_SetIC2Prescaler                      0x080023ed   Thumb Code    26  stm32f10x_tim.o(.text)
    TIM_SetIC1Prescaler                      0x08002489   Thumb Code    18  stm32f10x_tim.o(.text)
    TIM_ICInit                               0x08002507   Thumb Code   150  stm32f10x_tim.o(.text)
    TIM_PWMIConfig                           0x0800259d   Thumb Code   124  stm32f10x_tim.o(.text)
    TIM_BDTRConfig                           0x08002619   Thumb Code    32  stm32f10x_tim.o(.text)
    TIM_TimeBaseStructInit                   0x08002639   Thumb Code    18  stm32f10x_tim.o(.text)
    TIM_OCStructInit                         0x0800264b   Thumb Code    20  stm32f10x_tim.o(.text)
    TIM_ICStructInit                         0x0800265f   Thumb Code    18  stm32f10x_tim.o(.text)
    TIM_BDTRStructInit                       0x08002671   Thumb Code    40  stm32f10x_tim.o(.text)
    TIM_Cmd                                  0x08002699   Thumb Code    24  stm32f10x_tim.o(.text)
    TIM_CtrlPWMOutputs                       0x080026b1   Thumb Code    30  stm32f10x_tim.o(.text)
    TIM_ITConfig                             0x080026cf   Thumb Code    18  stm32f10x_tim.o(.text)
    TIM_GenerateEvent                        0x080026e1   Thumb Code     4  stm32f10x_tim.o(.text)
    TIM_DMAConfig                            0x080026e5   Thumb Code    10  stm32f10x_tim.o(.text)
    TIM_DMACmd                               0x080026ef   Thumb Code    18  stm32f10x_tim.o(.text)
    TIM_InternalClockConfig                  0x08002701   Thumb Code    12  stm32f10x_tim.o(.text)
    TIM_SelectInputTrigger                   0x0800270d   Thumb Code    18  stm32f10x_tim.o(.text)
    TIM_ITRxExternalClockConfig              0x0800271f   Thumb Code    24  stm32f10x_tim.o(.text)
    TIM_TIxExternalClockConfig               0x08002737   Thumb Code    62  stm32f10x_tim.o(.text)
    TIM_ETRConfig                            0x08002775   Thumb Code    28  stm32f10x_tim.o(.text)
    TIM_ETRClockMode1Config                  0x08002791   Thumb Code    54  stm32f10x_tim.o(.text)
    TIM_ETRClockMode2Config                  0x080027c7   Thumb Code    32  stm32f10x_tim.o(.text)
    TIM_PrescalerConfig                      0x080027e7   Thumb Code     6  stm32f10x_tim.o(.text)
    TIM_CounterModeConfig                    0x080027ed   Thumb Code    18  stm32f10x_tim.o(.text)
    TIM_EncoderInterfaceConfig               0x080027ff   Thumb Code    66  stm32f10x_tim.o(.text)
    TIM_ForcedOC1Config                      0x08002841   Thumb Code    18  stm32f10x_tim.o(.text)
    TIM_ForcedOC2Config                      0x08002853   Thumb Code    26  stm32f10x_tim.o(.text)
    TIM_ForcedOC3Config                      0x0800286d   Thumb Code    18  stm32f10x_tim.o(.text)
    TIM_ForcedOC4Config                      0x0800287f   Thumb Code    26  stm32f10x_tim.o(.text)
    TIM_ARRPreloadConfig                     0x08002899   Thumb Code    24  stm32f10x_tim.o(.text)
    TIM_SelectCOM                            0x080028b1   Thumb Code    24  stm32f10x_tim.o(.text)
    TIM_SelectCCDMA                          0x080028c9   Thumb Code    24  stm32f10x_tim.o(.text)
    TIM_CCPreloadControl                     0x080028e1   Thumb Code    24  stm32f10x_tim.o(.text)
    TIM_OC1PreloadConfig                     0x080028f9   Thumb Code    18  stm32f10x_tim.o(.text)
    TIM_OC2PreloadConfig                     0x0800290b   Thumb Code    26  stm32f10x_tim.o(.text)
    TIM_OC3PreloadConfig                     0x08002925   Thumb Code    18  stm32f10x_tim.o(.text)
    TIM_OC4PreloadConfig                     0x08002937   Thumb Code    26  stm32f10x_tim.o(.text)
    TIM_OC1FastConfig                        0x08002951   Thumb Code    18  stm32f10x_tim.o(.text)
    TIM_OC2FastConfig                        0x08002963   Thumb Code    26  stm32f10x_tim.o(.text)
    TIM_OC3FastConfig                        0x0800297d   Thumb Code    18  stm32f10x_tim.o(.text)
    TIM_OC4FastConfig                        0x0800298f   Thumb Code    26  stm32f10x_tim.o(.text)
    TIM_ClearOC1Ref                          0x080029a9   Thumb Code    18  stm32f10x_tim.o(.text)
    TIM_ClearOC2Ref                          0x080029bb   Thumb Code    24  stm32f10x_tim.o(.text)
    TIM_ClearOC3Ref                          0x080029d3   Thumb Code    18  stm32f10x_tim.o(.text)
    TIM_ClearOC4Ref                          0x080029e5   Thumb Code    24  stm32f10x_tim.o(.text)
    TIM_OC1PolarityConfig                    0x080029fd   Thumb Code    18  stm32f10x_tim.o(.text)
    TIM_OC1NPolarityConfig                   0x08002a0f   Thumb Code    18  stm32f10x_tim.o(.text)
    TIM_OC2PolarityConfig                    0x08002a21   Thumb Code    26  stm32f10x_tim.o(.text)
    TIM_OC2NPolarityConfig                   0x08002a3b   Thumb Code    26  stm32f10x_tim.o(.text)
    TIM_OC3PolarityConfig                    0x08002a55   Thumb Code    26  stm32f10x_tim.o(.text)
    TIM_OC3NPolarityConfig                   0x08002a6f   Thumb Code    26  stm32f10x_tim.o(.text)
    TIM_OC4PolarityConfig                    0x08002a89   Thumb Code    26  stm32f10x_tim.o(.text)
    TIM_CCxCmd                               0x08002aa3   Thumb Code    30  stm32f10x_tim.o(.text)
    TIM_CCxNCmd                              0x08002ac1   Thumb Code    30  stm32f10x_tim.o(.text)
    TIM_SelectOCxM                           0x08002adf   Thumb Code    82  stm32f10x_tim.o(.text)
    TIM_UpdateDisableConfig                  0x08002b31   Thumb Code    24  stm32f10x_tim.o(.text)
    TIM_UpdateRequestConfig                  0x08002b49   Thumb Code    24  stm32f10x_tim.o(.text)
    TIM_SelectHallSensor                     0x08002b61   Thumb Code    24  stm32f10x_tim.o(.text)
    TIM_SelectOnePulseMode                   0x08002b79   Thumb Code    18  stm32f10x_tim.o(.text)
    TIM_SelectOutputTrigger                  0x08002b8b   Thumb Code    18  stm32f10x_tim.o(.text)
    TIM_SelectSlaveMode                      0x08002b9d   Thumb Code    18  stm32f10x_tim.o(.text)
    TIM_SelectMasterSlaveMode                0x08002baf   Thumb Code    18  stm32f10x_tim.o(.text)
    TIM_SetCounter                           0x08002bc1   Thumb Code     4  stm32f10x_tim.o(.text)
    TIM_SetAutoreload                        0x08002bc5   Thumb Code     4  stm32f10x_tim.o(.text)
    TIM_SetCompare1                          0x08002bc9   Thumb Code     4  stm32f10x_tim.o(.text)
    TIM_SetCompare2                          0x08002bcd   Thumb Code     4  stm32f10x_tim.o(.text)
    TIM_SetCompare3                          0x08002bd1   Thumb Code     4  stm32f10x_tim.o(.text)
    TIM_SetCompare4                          0x08002bd5   Thumb Code     6  stm32f10x_tim.o(.text)
    TIM_SetClockDivision                     0x08002bdb   Thumb Code    18  stm32f10x_tim.o(.text)
    TIM_GetCapture1                          0x08002bed   Thumb Code     6  stm32f10x_tim.o(.text)
    TIM_GetCapture2                          0x08002bf3   Thumb Code     6  stm32f10x_tim.o(.text)
    TIM_GetCapture3                          0x08002bf9   Thumb Code     6  stm32f10x_tim.o(.text)
    TIM_GetCapture4                          0x08002bff   Thumb Code     8  stm32f10x_tim.o(.text)
    TIM_GetCounter                           0x08002c07   Thumb Code     6  stm32f10x_tim.o(.text)
    TIM_GetPrescaler                         0x08002c0d   Thumb Code     6  stm32f10x_tim.o(.text)
    TIM_GetFlagStatus                        0x08002c13   Thumb Code    18  stm32f10x_tim.o(.text)
    TIM_ClearFlag                            0x08002c25   Thumb Code     6  stm32f10x_tim.o(.text)
    TIM_GetITStatus                          0x08002c2b   Thumb Code    34  stm32f10x_tim.o(.text)
    TIM_ClearITPendingBit                    0x08002c4d   Thumb Code     6  stm32f10x_tim.o(.text)
    USART_DeInit                             0x08002c55   Thumb Code   134  stm32f10x_usart.o(.text)
    USART_Init                               0x08002cdb   Thumb Code   210  stm32f10x_usart.o(.text)
    USART_StructInit                         0x08002dad   Thumb Code    24  stm32f10x_usart.o(.text)
    USART_ClockInit                          0x08002dc5   Thumb Code    34  stm32f10x_usart.o(.text)
    USART_ClockStructInit                    0x08002de7   Thumb Code    12  stm32f10x_usart.o(.text)
    USART_Cmd                                0x08002df3   Thumb Code    24  stm32f10x_usart.o(.text)
    USART_ITConfig                           0x08002e0b   Thumb Code    74  stm32f10x_usart.o(.text)
    USART_DMACmd                             0x08002e55   Thumb Code    18  stm32f10x_usart.o(.text)
    USART_SetAddress                         0x08002e67   Thumb Code    18  stm32f10x_usart.o(.text)
    USART_WakeUpConfig                       0x08002e79   Thumb Code    18  stm32f10x_usart.o(.text)
    USART_ReceiverWakeUpCmd                  0x08002e8b   Thumb Code    24  stm32f10x_usart.o(.text)
    USART_LINBreakDetectLengthConfig         0x08002ea3   Thumb Code    18  stm32f10x_usart.o(.text)
    USART_LINCmd                             0x08002eb5   Thumb Code    24  stm32f10x_usart.o(.text)
    USART_SendData                           0x08002ecd   Thumb Code     8  stm32f10x_usart.o(.text)
    USART_ReceiveData                        0x08002ed5   Thumb Code    10  stm32f10x_usart.o(.text)
    USART_SendBreak                          0x08002edf   Thumb Code    10  stm32f10x_usart.o(.text)
    USART_SetGuardTime                       0x08002ee9   Thumb Code    16  stm32f10x_usart.o(.text)
    USART_SetPrescaler                       0x08002ef9   Thumb Code    16  stm32f10x_usart.o(.text)
    USART_SmartCardCmd                       0x08002f09   Thumb Code    24  stm32f10x_usart.o(.text)
    USART_SmartCardNACKCmd                   0x08002f21   Thumb Code    24  stm32f10x_usart.o(.text)
    USART_HalfDuplexCmd                      0x08002f39   Thumb Code    24  stm32f10x_usart.o(.text)
    USART_OverSampling8Cmd                   0x08002f51   Thumb Code    22  stm32f10x_usart.o(.text)
    USART_OneBitMethodCmd                    0x08002f67   Thumb Code    24  stm32f10x_usart.o(.text)
    USART_IrDAConfig                         0x08002f7f   Thumb Code    18  stm32f10x_usart.o(.text)
    USART_IrDACmd                            0x08002f91   Thumb Code    24  stm32f10x_usart.o(.text)
    USART_GetFlagStatus                      0x08002fa9   Thumb Code    26  stm32f10x_usart.o(.text)
    USART_ClearFlag                          0x08002fc3   Thumb Code    18  stm32f10x_usart.o(.text)
    USART_GetITStatus                        0x08002fd5   Thumb Code    84  stm32f10x_usart.o(.text)
    USART_ClearITPendingBit                  0x08003029   Thumb Code    52  stm32f10x_usart.o(.text)
    WWDG_DeInit                              0x0800305d   Thumb Code    22  stm32f10x_wwdg.o(.text)
    WWDG_SetPrescaler                        0x08003073   Thumb Code    18  stm32f10x_wwdg.o(.text)
    WWDG_SetWindowValue                      0x08003085   Thumb Code    34  stm32f10x_wwdg.o(.text)
    WWDG_EnableIT                            0x080030a7   Thumb Code     8  stm32f10x_wwdg.o(.text)
    WWDG_SetCounter                          0x080030af   Thumb Code    12  stm32f10x_wwdg.o(.text)
    WWDG_Enable                              0x080030bb   Thumb Code    12  stm32f10x_wwdg.o(.text)
    WWDG_GetFlagStatus                       0x080030c7   Thumb Code    10  stm32f10x_wwdg.o(.text)
    WWDG_ClearFlag                           0x080030d1   Thumb Code    10  stm32f10x_wwdg.o(.text)
    __use_no_semihosting                     0x080030e5   Thumb Code     2  use_no_semi_2.o(.text)
    __2printf                                0x080030e9   Thumb Code    20  noretval__2printf.o(.text)
    __printf                                 0x08003101   Thumb Code   104  __printf.o(.text)
    __use_two_region_memory                  0x08003169   Thumb Code     2  heapauxi.o(.text)
    __rt_heap_escrow$2region                 0x0800316b   Thumb Code     2  heapauxi.o(.text)
    __rt_heap_expand$2region                 0x0800316d   Thumb Code     2  heapauxi.o(.text)
    __I$use$semihosting                      0x0800316f   Thumb Code     0  use_no_semi.o(.text)
    __use_no_semihosting_swi                 0x0800316f   Thumb Code     2  use_no_semi.o(.text)
    _printf_char_file                        0x08003171   Thumb Code    32  _printf_char_file.o(.text)
    _printf_char_common                      0x0800319f   Thumb Code    32  _printf_char_common.o(.text)
    ferror                                   0x080031c5   Thumb Code     8  ferror.o(.text)
    __user_setup_stackheap                   0x080031cd   Thumb Code    74  sys_stackheap_outer.o(.text)
    exit                                     0x08003217   Thumb Code    12  exit.o(.text)
    __user_libspace                          0x08003225   Thumb Code     8  libspace.o(.text)
    __user_perproc_libspace                  0x08003225   Thumb Code     0  libspace.o(.text)
    __user_perthread_libspace                0x08003225   Thumb Code     0  libspace.o(.text)
    Region$$Table$$Base                      0x0800322c   Number         0  anon$$obj.o(Region$$Table)
    Region$$Table$$Limit                     0x0800324c   Number         0  anon$$obj.o(Region$$Table)
    SystemCoreClock                          0x20000000   Data           4  system_stm32f10x.o(.data)
    AHBPrescTable                            0x20000004   Data          16  system_stm32f10x.o(.data)
    TX_ADDRESS                               0x20000014   Data           5  24l01.o(.data)
    RX_ADDRESS                               0x20000019   Data           5  24l01.o(.data)
    USART_RX_STA                             0x20000024   Data           1  usart.o(.data)
    Rx_Ok0                                   0x20000028   Data           1  usart.o(.data)
    floattobyte                              0x2000002c   Data           4  usart.o(.data)
    __stdout                                 0x20000030   Data           4  usart.o(.data)
    NRF24L01_RXDATA                          0x20000048   Data          32  data_transfer.o(.bss)
    NRF24L01_TXDATA                          0x20000068   Data          32  data_transfer.o(.bss)
    data_send                                0x20000088   Data          40  data_transfer.o(.bss)
    SPI_InitStructure                        0x200000b0   Data          18  spi.o(.bss)
    USART_RX_BUF                             0x200000c2   Data          64  usart.o(.bss)
    Rx_Buf                                   0x20000202   Data          32  usart.o(.bss)
    __libspace_start                         0x20000224   Data          96  libspace.o(.bss)
    __temporary_stack_top$libspace           0x20000284   Data           0  libspace.o(.bss)



==============================================================================

Memory Map of the image

  Image Entry point : 0x080000ed

  Load Region LR_IROM1 (Base: 0x08000000, Size: 0x00003294, Max: 0x00020000, ABSOLUTE)

    Execution Region ER_IROM1 (Base: 0x08000000, Size: 0x0000324c, Max: 0x00020000, ABSOLUTE)

    Base Addr    Size         Type   Attr      Idx    E Section Name        Object

    0x08000000   0x000000ec   Data   RO          536    RESET               startup_stm32f10x_md.o
    0x080000ec   0x00000008   Code   RO          874  * !!!main             c_w.l(__main.o)
    0x080000f4   0x00000034   Code   RO         1060    !!!scatter          c_w.l(__scatter.o)
    0x08000128   0x0000001a   Code   RO         1062    !!handler_copy      c_w.l(__scatter_copy.o)
    0x08000142   0x00000002   PAD
    0x08000144   0x0000001c   Code   RO         1064    !!handler_zi        c_w.l(__scatter_zi.o)
    0x08000160   0x00000000   Code   RO          871    .ARM.Collect$$_printf_percent$$00000000  c_w.l(_printf_percent.o)
    0x08000160   0x00000004   Code   RO          897    .ARM.Collect$$_printf_percent$$00000017  c_w.l(_printf_percent_end.o)
    0x08000164   0x00000002   Code   RO          937    .ARM.Collect$$libinit$$00000000  c_w.l(libinit.o)
    0x08000166   0x00000000   Code   RO          944    .ARM.Collect$$libinit$$00000002  c_w.l(libinit2.o)
    0x08000166   0x00000000   Code   RO          947    .ARM.Collect$$libinit$$00000008  c_w.l(libinit2.o)
    0x08000166   0x00000000   Code   RO          949    .ARM.Collect$$libinit$$0000000A  c_w.l(libinit2.o)
    0x08000166   0x00000000   Code   RO          951    .ARM.Collect$$libinit$$0000000C  c_w.l(libinit2.o)
    0x08000166   0x00000000   Code   RO          954    .ARM.Collect$$libinit$$0000000F  c_w.l(libinit2.o)
    0x08000166   0x00000000   Code   RO          956    .ARM.Collect$$libinit$$00000011  c_w.l(libinit2.o)
    0x08000166   0x00000000   Code   RO          958    .ARM.Collect$$libinit$$00000013  c_w.l(libinit2.o)
    0x08000166   0x00000000   Code   RO          960    .ARM.Collect$$libinit$$00000015  c_w.l(libinit2.o)
    0x08000166   0x00000000   Code   RO          962    .ARM.Collect$$libinit$$00000017  c_w.l(libinit2.o)
    0x08000166   0x00000000   Code   RO          964    .ARM.Collect$$libinit$$00000019  c_w.l(libinit2.o)
    0x08000166   0x00000000   Code   RO          966    .ARM.Collect$$libinit$$0000001B  c_w.l(libinit2.o)
    0x08000166   0x00000000   Code   RO          968    .ARM.Collect$$libinit$$0000001D  c_w.l(libinit2.o)
    0x08000166   0x00000000   Code   RO          970    .ARM.Collect$$libinit$$0000001F  c_w.l(libinit2.o)
    0x08000166   0x00000000   Code   RO          972    .ARM.Collect$$libinit$$00000021  c_w.l(libinit2.o)
    0x08000166   0x00000000   Code   RO          974    .ARM.Collect$$libinit$$00000023  c_w.l(libinit2.o)
    0x08000166   0x00000000   Code   RO          978    .ARM.Collect$$libinit$$0000002A  c_w.l(libinit2.o)
    0x08000166   0x00000000   Code   RO          980    .ARM.Collect$$libinit$$0000002C  c_w.l(libinit2.o)
    0x08000166   0x00000000   Code   RO          982    .ARM.Collect$$libinit$$0000002E  c_w.l(libinit2.o)
    0x08000166   0x00000000   Code   RO          984    .ARM.Collect$$libinit$$00000030  c_w.l(libinit2.o)
    0x08000166   0x00000002   Code   RO          985    .ARM.Collect$$libinit$$00000031  c_w.l(libinit2.o)
    0x08000168   0x00000002   Code   RO         1003    .ARM.Collect$$libshutdown$$00000000  c_w.l(libshutdown.o)
    0x0800016a   0x00000000   Code   RO         1014    .ARM.Collect$$libshutdown$$00000003  c_w.l(libshutdown2.o)
    0x0800016a   0x00000000   Code   RO         1017    .ARM.Collect$$libshutdown$$00000006  c_w.l(libshutdown2.o)
    0x0800016a   0x00000000   Code   RO         1020    .ARM.Collect$$libshutdown$$00000009  c_w.l(libshutdown2.o)
    0x0800016a   0x00000000   Code   RO         1022    .ARM.Collect$$libshutdown$$0000000B  c_w.l(libshutdown2.o)
    0x0800016a   0x00000000   Code   RO         1025    .ARM.Collect$$libshutdown$$0000000E  c_w.l(libshutdown2.o)
    0x0800016a   0x00000002   Code   RO         1026    .ARM.Collect$$libshutdown$$0000000F  c_w.l(libshutdown2.o)
    0x0800016c   0x00000000   Code   RO          892    .ARM.Collect$$rtentry$$00000000  c_w.l(rtentry.o)
    0x0800016c   0x00000000   Code   RO          906    .ARM.Collect$$rtentry$$00000002  c_w.l(rtentry2.o)
    0x0800016c   0x00000006   Code   RO          918    .ARM.Collect$$rtentry$$00000004  c_w.l(rtentry4.o)
    0x08000172   0x00000000   Code   RO          908    .ARM.Collect$$rtentry$$00000009  c_w.l(rtentry2.o)
    0x08000172   0x00000004   Code   RO          909    .ARM.Collect$$rtentry$$0000000A  c_w.l(rtentry2.o)
    0x08000176   0x00000000   Code   RO          911    .ARM.Collect$$rtentry$$0000000C  c_w.l(rtentry2.o)
    0x08000176   0x00000008   Code   RO          912    .ARM.Collect$$rtentry$$0000000D  c_w.l(rtentry2.o)
    0x0800017e   0x00000002   Code   RO          941    .ARM.Collect$$rtexit$$00000000  c_w.l(rtexit.o)
    0x08000180   0x00000000   Code   RO          987    .ARM.Collect$$rtexit$$00000002  c_w.l(rtexit2.o)
    0x08000180   0x00000004   Code   RO          988    .ARM.Collect$$rtexit$$00000003  c_w.l(rtexit2.o)
    0x08000184   0x00000006   Code   RO          989    .ARM.Collect$$rtexit$$00000004  c_w.l(rtexit2.o)
    0x0800018a   0x00000002   PAD
    0x0800018c   0x00000090   Code   RO            1    .text               main.o
    0x0800021c   0x0000001a   Code   RO          148    .text               stm32f10x_it.o
    0x08000236   0x00000002   PAD
    0x08000238   0x000001dc   Code   RO          189    .text               system_stm32f10x.o
    0x08000414   0x000000e8   Code   RO          207    .text               data_transfer.o
    0x080004fc   0x00000064   Code   RO          226    .text               led.o
    0x08000560   0x000000a8   Code   RO          251    .text               wdg.o
    0x08000608   0x00000090   Code   RO          269    .text               timer.o
    0x08000698   0x00000108   Code   RO          334    .text               wkup.o
    0x080007a0   0x000000dc   Code   RO          409    .text               spi.o
    0x0800087c   0x00000464   Code   RO          454    .text               24l01.o
    0x08000ce0   0x000000a8   Code   RO          473    .text               delay.o
    0x08000d88   0x0000000c   Code   RO          487    .text               sys.o
    0x08000d94   0x00000358   Code   RO          499    .text               usart.o
    0x080010ec   0x00000040   Code   RO          537    .text               startup_stm32f10x_md.o
    0x0800112c   0x000000dc   Code   RO          541    .text               misc.o
    0x08001208   0x0000011c   Code   RO          649    .text               stm32f10x_exti.o
    0x08001324   0x00000358   Code   RO          685    .text               stm32f10x_gpio.o
    0x0800167c   0x00000040   Code   RO          709    .text               stm32f10x_iwdg.o
    0x080016bc   0x000000cc   Code   RO          721    .text               stm32f10x_pwr.o
    0x08001788   0x000003a4   Code   RO          733    .text               stm32f10x_rcc.o
    0x08001b2c   0x0000030c   Code   RO          771    .text               stm32f10x_spi.o
    0x08001e38   0x00000e1a   Code   RO          783    .text               stm32f10x_tim.o
    0x08002c52   0x00000002   PAD
    0x08002c54   0x00000408   Code   RO          795    .text               stm32f10x_usart.o
    0x0800305c   0x00000088   Code   RO          807    .text               stm32f10x_wwdg.o
    0x080030e4   0x00000002   Code   RO          821    .text               c_w.l(use_no_semi_2.o)
    0x080030e6   0x00000002   PAD
    0x080030e8   0x00000018   Code   RO          825    .text               c_w.l(noretval__2printf.o)
    0x08003100   0x00000068   Code   RO          827    .text               c_w.l(__printf.o)
    0x08003168   0x00000006   Code   RO          872    .text               c_w.l(heapauxi.o)
    0x0800316e   0x00000002   Code   RO          890    .text               c_w.l(use_no_semi.o)
    0x08003170   0x00000024   Code   RO          895    .text               c_w.l(_printf_char_file.o)
    0x08003194   0x00000030   Code   RO          920    .text               c_w.l(_printf_char_common.o)
    0x080031c4   0x00000008   Code   RO          922    .text               c_w.l(ferror.o)
    0x080031cc   0x0000004a   Code   RO          926    .text               c_w.l(sys_stackheap_outer.o)
    0x08003216   0x0000000c   Code   RO          930    .text               c_w.l(exit.o)
    0x08003222   0x00000002   PAD
    0x08003224   0x00000008   Code   RO          938    .text               c_w.l(libspace.o)
    0x0800322c   0x00000020   Data   RO         1058    Region$$Table       anon$$obj.o


    Execution Region RW_IRAM1 (Base: 0x20000000, Size: 0x00000888, Max: 0x00005000, ABSOLUTE)

    Base Addr    Size         Type   Attr      Idx    E Section Name        Object

    0x20000000   0x00000014   Data   RW          190    .data               system_stm32f10x.o
    0x20000014   0x0000000a   Data   RW          455    .data               24l01.o
    0x2000001e   0x00000004   Data   RW          474    .data               delay.o
    0x20000022   0x00000002   PAD
    0x20000024   0x00000010   Data   RW          501    .data               usart.o
    0x20000034   0x00000014   Data   RW          734    .data               stm32f10x_rcc.o
    0x20000048   0x00000068   Zero   RW          208    .bss                data_transfer.o
    0x200000b0   0x00000012   Zero   RW          410    .bss                spi.o
    0x200000c2   0x00000160   Zero   RW          500    .bss                usart.o
    0x20000222   0x00000002   PAD
    0x20000224   0x00000060   Zero   RW          939    .bss                c_w.l(libspace.o)
    0x20000284   0x00000004   PAD
    0x20000288   0x00000200   Zero   RW          535    HEAP                startup_stm32f10x_md.o
    0x20000488   0x00000400   Zero   RW          534    STACK               startup_stm32f10x_md.o


==============================================================================

Image component sizes


      Code (inc. data)   RO Data    RW Data    ZI Data      Debug   Object Name

      1124         68          0         10          0       4151   24l01.o
         0          0          0          0          0         32   core_cm3.o
       232         12          0          0        104       2295   data_transfer.o
       168         10          0          4          0        935   delay.o
       100          8          0          0          0        451   led.o
       144         52          0          0          0     260338   main.o
       220         20          0          0          0       1681   misc.o
       220         12          0          0         18       1141   spi.o
        64         26        236          0       1536        736   startup_stm32f10x_md.o
       284         10          0          0          0       2115   stm32f10x_exti.o
       856         40          0          0          0       5529   stm32f10x_gpio.o
        26          0          0          0          0       1122   stm32f10x_it.o
        64          6          0          0          0       1209   stm32f10x_iwdg.o
       204         16          0          0          0       1859   stm32f10x_pwr.o
       932         44          0         20          0       8644   stm32f10x_rcc.o
       780         14          0          0          0       6410   stm32f10x_spi.o
      3610         88          0          0          0      22012   stm32f10x_tim.o
      1032         22          0          0          0       8252   stm32f10x_usart.o
       136         10          0          0          0       2180   stm32f10x_wwdg.o
        12          0          0          0          0        393   sys.o
       476         36          0         20          0       1563   system_stm32f10x.o
       144          8          0          0          0        706   timer.o
       856         36          0         16        352       4668   usart.o
       168          6          0          0          0       1276   wdg.o
       264         18          0          0          0       1190   wkup.o

    ----------------------------------------------------------------------
     12120        562        268         72       2012     340888   Object Totals
         0          0         32          0          0          0   (incl. Generated)
         4          0          0          2          2          0   (incl. Padding)

    ----------------------------------------------------------------------

      Code (inc. data)   RO Data    RW Data    ZI Data      Debug   Library Member Name

         8          0          0          0          0         68   __main.o
       104          0          0          0          0         84   __printf.o
        52          8          0          0          0          0   __scatter.o
        26          0          0          0          0          0   __scatter_copy.o
        28          0          0          0          0          0   __scatter_zi.o
        48          6          0          0          0         96   _printf_char_common.o
        36          4          0          0          0         80   _printf_char_file.o
         0          0          0          0          0          0   _printf_percent.o
         4          0          0          0          0          0   _printf_percent_end.o
        12          0          0          0          0         72   exit.o
         8          0          0          0          0         68   ferror.o
         6          0          0          0          0        152   heapauxi.o
         2          0          0          0          0          0   libinit.o
         2          0          0          0          0          0   libinit2.o
         2          0          0          0          0          0   libshutdown.o
         2          0          0          0          0          0   libshutdown2.o
         8          4          0          0         96         68   libspace.o
        24          4          0          0          0         84   noretval__2printf.o
         0          0          0          0          0          0   rtentry.o
        12          0          0          0          0          0   rtentry2.o
         6          0          0          0          0          0   rtentry4.o
         2          0          0          0          0          0   rtexit.o
        10          0          0          0          0          0   rtexit2.o
        74          0          0          0          0         80   sys_stackheap_outer.o
         2          0          0          0          0         68   use_no_semi.o
         2          0          0          0          0         68   use_no_semi_2.o

    ----------------------------------------------------------------------
       488         26          0          0        100        988   Library Totals
         8          0          0          0          4          0   (incl. Padding)

    ----------------------------------------------------------------------

      Code (inc. data)   RO Data    RW Data    ZI Data      Debug   Library Name

       480         26          0          0         96        988   c_w.l

    ----------------------------------------------------------------------
       488         26          0          0        100        988   Library Totals

    ----------------------------------------------------------------------

==============================================================================


      Code (inc. data)   RO Data    RW Data    ZI Data      Debug   

     12608        588        268         72       2112     339172   Grand Totals
     12608        588        268         72       2112     339172   ELF Image Totals
     12608        588        268         72          0          0   ROM Totals

==============================================================================

    Total RO  Size (Code + RO Data)                12876 (  12.57kB)
    Total RW  Size (RW Data + ZI Data)              2184 (   2.13kB)
    Total ROM Size (Code + RO Data + RW Data)      12948 (  12.64kB)

==============================================================================

